02:24:04 **** Build of configuration Debug for project freertos10_xilinx_bsp_base_xuartps_hello_world_example_1 ****
make pre-build main-build 
a9-linaro-pre-build-step
 
Building file: ../src/xuartps_hello_world_example.c
Invoking: ARM v7 gcc compiler
arm-none-eabi-gcc -Wall -O0 -g3 -c -fmessage-length=0 -MT"src/xuartps_hello_world_example.o" -mcpu=cortex-a9 -mfpu=vfpv3 -mfloat-abi=hard -I../../freertos10_xilinx_bsp_base/ps7_cortexa9_0/include -MMD -MP -MF"src/xuartps_hello_world_example.d" -MT"src/xuartps_hello_world_example.o" -o "src/xuartps_hello_world_example.o" "../src/xuartps_hello_world_example.c"
Finished building: ../src/xuartps_hello_world_example.c
 
Building target: freertos10_xilinx_bsp_base_xuartps_hello_world_example_1.elf
Invoking: ARM v7 gcc linker
arm-none-eabi-gcc -mcpu=cortex-a9 -mfpu=vfpv3 -mfloat-abi=hard -Wl,-build-id=none -specs=Xilinx.spec -Wl,-T -Wl,../src/lscript.ld -L../../freertos10_xilinx_bsp_base/ps7_cortexa9_0/lib -o "freertos10_xilinx_bsp_base_xuartps_hello_world_example_1.elf"  ./src/xuartps_hello_world_example.o   -Wl,--start-group,-lxil,-lfreertos,-lgcc,-lc,--end-group -Wl,--start-group,-lxilffs,-lxil,-lgcc,-lc,--end-group
Finished building target: freertos10_xilinx_bsp_base_xuartps_hello_world_example_1.elf
 
Invoking: ARM v7 Print Size
arm-none-eabi-size freertos10_xilinx_bsp_base_xuartps_hello_world_example_1.elf  |tee "freertos10_xilinx_bsp_base_xuartps_hello_world_example_1.elf.size"
   text	   data	    bss	    dec	    hex	filename
  78720	   3384	  89472	 171576	  29e38	freertos10_xilinx_bsp_base_xuartps_hello_world_example_1.elf
Finished building: freertos10_xilinx_bsp_base_xuartps_hello_world_example_1.elf.size
 

02:24:05 Build Finished (took 815ms)

