00:30:25 **** Build of project freertos10_xilinx_bsp_base ****
make -k all 
Running Make include in ps7_cortexa9_0/libsrc/ddrps_v1_0/src
make -C ps7_cortexa9_0/libsrc/ddrps_v1_0/src -s include  "SHELL=/bin/sh" "COMPILER=arm-none-eabi-gcc" "ARCHIVER=arm-none-eabi-ar" "COMPILER_FLAGS=  -O2 -c" "EXTRA_COMPILER_FLAGS=-mcpu=cortex-a9 -mfpu=vfpv3 -mfloat-abi=hard -nostartfiles -g -Wall -Wextra"
Running Make include in ps7_cortexa9_0/libsrc/spips_v3_2/src
make -C ps7_cortexa9_0/libsrc/spips_v3_2/src -s include  "SHELL=/bin/sh" "COMPILER=arm-none-eabi-gcc" "ARCHIVER=arm-none-eabi-ar" "COMPILER_FLAGS=  -O2 -c" "EXTRA_COMPILER_FLAGS=-mcpu=cortex-a9 -mfpu=vfpv3 -mfloat-abi=hard -nostartfiles -g -Wall -Wextra"
Running Make include in ps7_cortexa9_0/libsrc/dmaps_v2_4/src
make -C ps7_cortexa9_0/libsrc/dmaps_v2_4/src -s include  "SHELL=/bin/sh" "COMPILER=arm-none-eabi-gcc" "ARCHIVER=arm-none-eabi-ar" "COMPILER_FLAGS=  -O2 -c" "EXTRA_COMPILER_FLAGS=-mcpu=cortex-a9 -mfpu=vfpv3 -mfloat-abi=hard -nostartfiles -g -Wall -Wextra"
Running Make include in ps7_cortexa9_0/libsrc/cpu_cortexa9_v2_7/src
make -C ps7_cortexa9_0/libsrc/cpu_cortexa9_v2_7/src -s include  "SHELL=/bin/sh" "COMPILER=arm-none-eabi-gcc" "ARCHIVER=arm-none-eabi-ar" "COMPILER_FLAGS=  -O2 -c" "EXTRA_COMPILER_FLAGS=-mcpu=cortex-a9 -mfpu=vfpv3 -mfloat-abi=hard -nostartfiles -g -Wall -Wextra"
Running Make include in ps7_cortexa9_0/libsrc/scugic_v4_0/src
make -C ps7_cortexa9_0/libsrc/scugic_v4_0/src -s include  "SHELL=/bin/sh" "COMPILER=arm-none-eabi-gcc" "ARCHIVER=arm-none-eabi-ar" "COMPILER_FLAGS=  -O2 -c" "EXTRA_COMPILER_FLAGS=-mcpu=cortex-a9 -mfpu=vfpv3 -mfloat-abi=hard -nostartfiles -g -Wall -Wextra"
Running Make include in ps7_cortexa9_0/libsrc/emacps_v3_9/src
make -C ps7_cortexa9_0/libsrc/emacps_v3_9/src -s include  "SHELL=/bin/sh" "COMPILER=arm-none-eabi-gcc" "ARCHIVER=arm-none-eabi-ar" "COMPILER_FLAGS=  -O2 -c" "EXTRA_COMPILER_FLAGS=-mcpu=cortex-a9 -mfpu=vfpv3 -mfloat-abi=hard -nostartfiles -g -Wall -Wextra"
Running Make include in ps7_cortexa9_0/libsrc/ttcps_v3_9/src
make -C ps7_cortexa9_0/libsrc/ttcps_v3_9/src -s include  "SHELL=/bin/sh" "COMPILER=arm-none-eabi-gcc" "ARCHIVER=arm-none-eabi-ar" "COMPILER_FLAGS=  -O2 -c" "EXTRA_COMPILER_FLAGS=-mcpu=cortex-a9 -mfpu=vfpv3 -mfloat-abi=hard -nostartfiles -g -Wall -Wextra"
Running Make include in ps7_cortexa9_0/libsrc/gpiops_v3_5/src
make -C ps7_cortexa9_0/libsrc/gpiops_v3_5/src -s include  "SHELL=/bin/sh" "COMPILER=arm-none-eabi-gcc" "ARCHIVER=arm-none-eabi-ar" "COMPILER_FLAGS=  -O2 -c" "EXTRA_COMPILER_FLAGS=-mcpu=cortex-a9 -mfpu=vfpv3 -mfloat-abi=hard -nostartfiles -g -Wall -Wextra"
Running Make include in ps7_cortexa9_0/libsrc/iicps_v3_9/src
make -C ps7_cortexa9_0/libsrc/iicps_v3_9/src -s include  "SHELL=/bin/sh" "COMPILER=arm-none-eabi-gcc" "ARCHIVER=arm-none-eabi-ar" "COMPILER_FLAGS=  -O2 -c" "EXTRA_COMPILER_FLAGS=-mcpu=cortex-a9 -mfpu=vfpv3 -mfloat-abi=hard -nostartfiles -g -Wall -Wextra"
Running Make include in ps7_cortexa9_0/libsrc/qspips_v3_6/src
make -C ps7_cortexa9_0/libsrc/qspips_v3_6/src -s include  "SHELL=/bin/sh" "COMPILER=arm-none-eabi-gcc" "ARCHIVER=arm-none-eabi-ar" "COMPILER_FLAGS=  -O2 -c" "EXTRA_COMPILER_FLAGS=-mcpu=cortex-a9 -mfpu=vfpv3 -mfloat-abi=hard -nostartfiles -g -Wall -Wextra"
Running Make include in ps7_cortexa9_0/libsrc/xadcps_v2_3/src
make -C ps7_cortexa9_0/libsrc/xadcps_v2_3/src -s include  "SHELL=/bin/sh" "COMPILER=arm-none-eabi-gcc" "ARCHIVER=arm-none-eabi-ar" "COMPILER_FLAGS=  -O2 -c" "EXTRA_COMPILER_FLAGS=-mcpu=cortex-a9 -mfpu=vfpv3 -mfloat-abi=hard -nostartfiles -g -Wall -Wextra"
Running Make include in ps7_cortexa9_0/libsrc/xilffs_v4_1/src
make -C ps7_cortexa9_0/libsrc/xilffs_v4_1/src -s include  "SHELL=/bin/sh" "COMPILER=arm-none-eabi-gcc" "ARCHIVER=arm-none-eabi-ar" "COMPILER_FLAGS=  -O2 -c" "EXTRA_COMPILER_FLAGS=-mcpu=cortex-a9 -mfpu=vfpv3 -mfloat-abi=hard -nostartfiles -g -Wall -Wextra"
Running Make include in ps7_cortexa9_0/libsrc/sdps_v3_7/src
make -C ps7_cortexa9_0/libsrc/sdps_v3_7/src -s include  "SHELL=/bin/sh" "COMPILER=arm-none-eabi-gcc" "ARCHIVER=arm-none-eabi-ar" "COMPILER_FLAGS=  -O2 -c" "EXTRA_COMPILER_FLAGS=-mcpu=cortex-a9 -mfpu=vfpv3 -mfloat-abi=hard -nostartfiles -g -Wall -Wextra"
Running Make include in ps7_cortexa9_0/libsrc/devcfg_v3_5/src
make -C ps7_cortexa9_0/libsrc/devcfg_v3_5/src -s include  "SHELL=/bin/sh" "COMPILER=arm-none-eabi-gcc" "ARCHIVER=arm-none-eabi-ar" "COMPILER_FLAGS=  -O2 -c" "EXTRA_COMPILER_FLAGS=-mcpu=cortex-a9 -mfpu=vfpv3 -mfloat-abi=hard -nostartfiles -g -Wall -Wextra"
Running Make include in ps7_cortexa9_0/libsrc/axivdma_v6_6/src
make -C ps7_cortexa9_0/libsrc/axivdma_v6_6/src -s include  "SHELL=/bin/sh" "COMPILER=arm-none-eabi-gcc" "ARCHIVER=arm-none-eabi-ar" "COMPILER_FLAGS=  -O2 -c" "EXTRA_COMPILER_FLAGS=-mcpu=cortex-a9 -mfpu=vfpv3 -mfloat-abi=hard -nostartfiles -g -Wall -Wextra"
Running Make include in ps7_cortexa9_0/libsrc/scuwdt_v2_1/src
make -C ps7_cortexa9_0/libsrc/scuwdt_v2_1/src -s include  "SHELL=/bin/sh" "COMPILER=arm-none-eabi-gcc" "ARCHIVER=arm-none-eabi-ar" "COMPILER_FLAGS=  -O2 -c" "EXTRA_COMPILER_FLAGS=-mcpu=cortex-a9 -mfpu=vfpv3 -mfloat-abi=hard -nostartfiles -g -Wall -Wextra"
Running Make include in ps7_cortexa9_0/libsrc/gpio_v4_4/src
make -C ps7_cortexa9_0/libsrc/gpio_v4_4/src -s include  "SHELL=/bin/sh" "COMPILER=arm-none-eabi-gcc" "ARCHIVER=arm-none-eabi-ar" "COMPILER_FLAGS=  -O2 -c" "EXTRA_COMPILER_FLAGS=-mcpu=cortex-a9 -mfpu=vfpv3 -mfloat-abi=hard -nostartfiles -g -Wall -Wextra"
Running Make include in ps7_cortexa9_0/libsrc/uartps_v3_7/src
make -C ps7_cortexa9_0/libsrc/uartps_v3_7/src -s include  "SHELL=/bin/sh" "COMPILER=arm-none-eabi-gcc" "ARCHIVER=arm-none-eabi-ar" "COMPILER_FLAGS=  -O2 -c" "EXTRA_COMPILER_FLAGS=-mcpu=cortex-a9 -mfpu=vfpv3 -mfloat-abi=hard -nostartfiles -g -Wall -Wextra"
Running Make include in ps7_cortexa9_0/libsrc/usbps_v2_4/src
make -C ps7_cortexa9_0/libsrc/usbps_v2_4/src -s include  "SHELL=/bin/sh" "COMPILER=arm-none-eabi-gcc" "ARCHIVER=arm-none-eabi-ar" "COMPILER_FLAGS=  -O2 -c" "EXTRA_COMPILER_FLAGS=-mcpu=cortex-a9 -mfpu=vfpv3 -mfloat-abi=hard -nostartfiles -g -Wall -Wextra"
Running Make include in ps7_cortexa9_0/libsrc/freertos10_xilinx_v1_3/src
make -C ps7_cortexa9_0/libsrc/freertos10_xilinx_v1_3/src -s include  "SHELL=/bin/sh" "COMPILER=arm-none-eabi-gcc" "ARCHIVER=arm-none-eabi-ar" "COMPILER_FLAGS=  -O2 -c" "EXTRA_COMPILER_FLAGS=-mcpu=cortex-a9 -mfpu=vfpv3 -mfloat-abi=hard -nostartfiles -g -Wall -Wextra"
include
Running Make include in ps7_cortexa9_0/libsrc/wdtps_v3_1/src
make -C ps7_cortexa9_0/libsrc/wdtps_v3_1/src -s include  "SHELL=/bin/sh" "COMPILER=arm-none-eabi-gcc" "ARCHIVER=arm-none-eabi-ar" "COMPILER_FLAGS=  -O2 -c" "EXTRA_COMPILER_FLAGS=-mcpu=cortex-a9 -mfpu=vfpv3 -mfloat-abi=hard -nostartfiles -g -Wall -Wextra"
Running Make include in ps7_cortexa9_0/libsrc/scutimer_v2_1/src
make -C ps7_cortexa9_0/libsrc/scutimer_v2_1/src -s include  "SHELL=/bin/sh" "COMPILER=arm-none-eabi-gcc" "ARCHIVER=arm-none-eabi-ar" "COMPILER_FLAGS=  -O2 -c" "EXTRA_COMPILER_FLAGS=-mcpu=cortex-a9 -mfpu=vfpv3 -mfloat-abi=hard -nostartfiles -g -Wall -Wextra"
Running Make include in ps7_cortexa9_0/libsrc/coresightps_dcc_v1_5/src
make -C ps7_cortexa9_0/libsrc/coresightps_dcc_v1_5/src -s include  "SHELL=/bin/sh" "COMPILER=arm-none-eabi-gcc" "ARCHIVER=arm-none-eabi-ar" "COMPILER_FLAGS=  -O2 -c" "EXTRA_COMPILER_FLAGS=-mcpu=cortex-a9 -mfpu=vfpv3 -mfloat-abi=hard -nostartfiles -g -Wall -Wextra"
Running Make libs in ps7_cortexa9_0/libsrc/ddrps_v1_0/src
make -C ps7_cortexa9_0/libsrc/ddrps_v1_0/src -s libs  "SHELL=/bin/sh" "COMPILER=arm-none-eabi-gcc" "ARCHIVER=arm-none-eabi-ar" "COMPILER_FLAGS=  -O2 -c" "EXTRA_COMPILER_FLAGS=-mcpu=cortex-a9 -mfpu=vfpv3 -mfloat-abi=hard -nostartfiles -g -Wall -Wextra"
Compiling ddrps
arm-none-eabi-ar: création de ../../../lib/libxil.a
Running Make libs in ps7_cortexa9_0/libsrc/spips_v3_2/src
make -C ps7_cortexa9_0/libsrc/spips_v3_2/src -s libs  "SHELL=/bin/sh" "COMPILER=arm-none-eabi-gcc" "ARCHIVER=arm-none-eabi-ar" "COMPILER_FLAGS=  -O2 -c" "EXTRA_COMPILER_FLAGS=-mcpu=cortex-a9 -mfpu=vfpv3 -mfloat-abi=hard -nostartfiles -g -Wall -Wextra"
Compiling spips
Running Make libs in ps7_cortexa9_0/libsrc/dmaps_v2_4/src
make -C ps7_cortexa9_0/libsrc/dmaps_v2_4/src -s libs  "SHELL=/bin/sh" "COMPILER=arm-none-eabi-gcc" "ARCHIVER=arm-none-eabi-ar" "COMPILER_FLAGS=  -O2 -c" "EXTRA_COMPILER_FLAGS=-mcpu=cortex-a9 -mfpu=vfpv3 -mfloat-abi=hard -nostartfiles -g -Wall -Wextra"
Compiling dmaps
Running Make libs in ps7_cortexa9_0/libsrc/cpu_cortexa9_v2_7/src
make -C ps7_cortexa9_0/libsrc/cpu_cortexa9_v2_7/src -s libs  "SHELL=/bin/sh" "COMPILER=arm-none-eabi-gcc" "ARCHIVER=arm-none-eabi-ar" "COMPILER_FLAGS=  -O2 -c" "EXTRA_COMPILER_FLAGS=-mcpu=cortex-a9 -mfpu=vfpv3 -mfloat-abi=hard -nostartfiles -g -Wall -Wextra"
Compiling cpu_cortexa9
Running Make libs in ps7_cortexa9_0/libsrc/scugic_v4_0/src
make -C ps7_cortexa9_0/libsrc/scugic_v4_0/src -s libs  "SHELL=/bin/sh" "COMPILER=arm-none-eabi-gcc" "ARCHIVER=arm-none-eabi-ar" "COMPILER_FLAGS=  -O2 -c" "EXTRA_COMPILER_FLAGS=-mcpu=cortex-a9 -mfpu=vfpv3 -mfloat-abi=hard -nostartfiles -g -Wall -Wextra"
Compiling scugic
Running Make libs in ps7_cortexa9_0/libsrc/emacps_v3_9/src
make -C ps7_cortexa9_0/libsrc/emacps_v3_9/src -s libs  "SHELL=/bin/sh" "COMPILER=arm-none-eabi-gcc" "ARCHIVER=arm-none-eabi-ar" "COMPILER_FLAGS=  -O2 -c" "EXTRA_COMPILER_FLAGS=-mcpu=cortex-a9 -mfpu=vfpv3 -mfloat-abi=hard -nostartfiles -g -Wall -Wextra"
Compiling emacps
Running Make libs in ps7_cortexa9_0/libsrc/ttcps_v3_9/src
make -C ps7_cortexa9_0/libsrc/ttcps_v3_9/src -s libs  "SHELL=/bin/sh" "COMPILER=arm-none-eabi-gcc" "ARCHIVER=arm-none-eabi-ar" "COMPILER_FLAGS=  -O2 -c" "EXTRA_COMPILER_FLAGS=-mcpu=cortex-a9 -mfpu=vfpv3 -mfloat-abi=hard -nostartfiles -g -Wall -Wextra"
Compiling ttcps
Running Make libs in ps7_cortexa9_0/libsrc/gpiops_v3_5/src
make -C ps7_cortexa9_0/libsrc/gpiops_v3_5/src -s libs  "SHELL=/bin/sh" "COMPILER=arm-none-eabi-gcc" "ARCHIVER=arm-none-eabi-ar" "COMPILER_FLAGS=  -O2 -c" "EXTRA_COMPILER_FLAGS=-mcpu=cortex-a9 -mfpu=vfpv3 -mfloat-abi=hard -nostartfiles -g -Wall -Wextra"
Compiling gpiops
Running Make libs in ps7_cortexa9_0/libsrc/iicps_v3_9/src
make -C ps7_cortexa9_0/libsrc/iicps_v3_9/src -s libs  "SHELL=/bin/sh" "COMPILER=arm-none-eabi-gcc" "ARCHIVER=arm-none-eabi-ar" "COMPILER_FLAGS=  -O2 -c" "EXTRA_COMPILER_FLAGS=-mcpu=cortex-a9 -mfpu=vfpv3 -mfloat-abi=hard -nostartfiles -g -Wall -Wextra"
Compiling iicps
Running Make libs in ps7_cortexa9_0/libsrc/qspips_v3_6/src
make -C ps7_cortexa9_0/libsrc/qspips_v3_6/src -s libs  "SHELL=/bin/sh" "COMPILER=arm-none-eabi-gcc" "ARCHIVER=arm-none-eabi-ar" "COMPILER_FLAGS=  -O2 -c" "EXTRA_COMPILER_FLAGS=-mcpu=cortex-a9 -mfpu=vfpv3 -mfloat-abi=hard -nostartfiles -g -Wall -Wextra"
Compiling qspips
Running Make libs in ps7_cortexa9_0/libsrc/xadcps_v2_3/src
make -C ps7_cortexa9_0/libsrc/xadcps_v2_3/src -s libs  "SHELL=/bin/sh" "COMPILER=arm-none-eabi-gcc" "ARCHIVER=arm-none-eabi-ar" "COMPILER_FLAGS=  -O2 -c" "EXTRA_COMPILER_FLAGS=-mcpu=cortex-a9 -mfpu=vfpv3 -mfloat-abi=hard -nostartfiles -g -Wall -Wextra"
Compiling xadcps
Running Make libs in ps7_cortexa9_0/libsrc/xilffs_v4_1/src
make -C ps7_cortexa9_0/libsrc/xilffs_v4_1/src -s libs  "SHELL=/bin/sh" "COMPILER=arm-none-eabi-gcc" "ARCHIVER=arm-none-eabi-ar" "COMPILER_FLAGS=  -O2 -c" "EXTRA_COMPILER_FLAGS=-mcpu=cortex-a9 -mfpu=vfpv3 -mfloat-abi=hard -nostartfiles -g -Wall -Wextra"
Compiling XilFFs Library
Running Make libs in ps7_cortexa9_0/libsrc/sdps_v3_7/src
make -C ps7_cortexa9_0/libsrc/sdps_v3_7/src -s libs  "SHELL=/bin/sh" "COMPILER=arm-none-eabi-gcc" "ARCHIVER=arm-none-eabi-ar" "COMPILER_FLAGS=  -O2 -c" "EXTRA_COMPILER_FLAGS=-mcpu=cortex-a9 -mfpu=vfpv3 -mfloat-abi=hard -nostartfiles -g -Wall -Wextra"
Compiling sdps
Running Make libs in ps7_cortexa9_0/libsrc/devcfg_v3_5/src
make -C ps7_cortexa9_0/libsrc/devcfg_v3_5/src -s libs  "SHELL=/bin/sh" "COMPILER=arm-none-eabi-gcc" "ARCHIVER=arm-none-eabi-ar" "COMPILER_FLAGS=  -O2 -c" "EXTRA_COMPILER_FLAGS=-mcpu=cortex-a9 -mfpu=vfpv3 -mfloat-abi=hard -nostartfiles -g -Wall -Wextra"
Compiling devcfg
Running Make libs in ps7_cortexa9_0/libsrc/axivdma_v6_6/src
make -C ps7_cortexa9_0/libsrc/axivdma_v6_6/src -s libs  "SHELL=/bin/sh" "COMPILER=arm-none-eabi-gcc" "ARCHIVER=arm-none-eabi-ar" "COMPILER_FLAGS=  -O2 -c" "EXTRA_COMPILER_FLAGS=-mcpu=cortex-a9 -mfpu=vfpv3 -mfloat-abi=hard -nostartfiles -g -Wall -Wextra"
Compiling axivdma
Running Make libs in ps7_cortexa9_0/libsrc/scuwdt_v2_1/src
make -C ps7_cortexa9_0/libsrc/scuwdt_v2_1/src -s libs  "SHELL=/bin/sh" "COMPILER=arm-none-eabi-gcc" "ARCHIVER=arm-none-eabi-ar" "COMPILER_FLAGS=  -O2 -c" "EXTRA_COMPILER_FLAGS=-mcpu=cortex-a9 -mfpu=vfpv3 -mfloat-abi=hard -nostartfiles -g -Wall -Wextra"
Compiling scuwdt
Running Make libs in ps7_cortexa9_0/libsrc/gpio_v4_4/src
make -C ps7_cortexa9_0/libsrc/gpio_v4_4/src -s libs  "SHELL=/bin/sh" "COMPILER=arm-none-eabi-gcc" "ARCHIVER=arm-none-eabi-ar" "COMPILER_FLAGS=  -O2 -c" "EXTRA_COMPILER_FLAGS=-mcpu=cortex-a9 -mfpu=vfpv3 -mfloat-abi=hard -nostartfiles -g -Wall -Wextra"
Compiling gpio
Running Make libs in ps7_cortexa9_0/libsrc/uartps_v3_7/src
make -C ps7_cortexa9_0/libsrc/uartps_v3_7/src -s libs  "SHELL=/bin/sh" "COMPILER=arm-none-eabi-gcc" "ARCHIVER=arm-none-eabi-ar" "COMPILER_FLAGS=  -O2 -c" "EXTRA_COMPILER_FLAGS=-mcpu=cortex-a9 -mfpu=vfpv3 -mfloat-abi=hard -nostartfiles -g -Wall -Wextra"
Compiling uartps
Running Make libs in ps7_cortexa9_0/libsrc/usbps_v2_4/src
make -C ps7_cortexa9_0/libsrc/usbps_v2_4/src -s libs  "SHELL=/bin/sh" "COMPILER=arm-none-eabi-gcc" "ARCHIVER=arm-none-eabi-ar" "COMPILER_FLAGS=  -O2 -c" "EXTRA_COMPILER_FLAGS=-mcpu=cortex-a9 -mfpu=vfpv3 -mfloat-abi=hard -nostartfiles -g -Wall -Wextra"
Compiling usbps
Running Make libs in ps7_cortexa9_0/libsrc/freertos10_xilinx_v1_3/src
make -C ps7_cortexa9_0/libsrc/freertos10_xilinx_v1_3/src -s libs  "SHELL=/bin/sh" "COMPILER=arm-none-eabi-gcc" "ARCHIVER=arm-none-eabi-ar" "COMPILER_FLAGS=  -O2 -c" "EXTRA_COMPILER_FLAGS=-mcpu=cortex-a9 -mfpu=vfpv3 -mfloat-abi=hard -nostartfiles -g -Wall -Wextra"
Compiling standalone
Compiling FreeRTOS
arm-none-eabi-ar: création de ../../../lib/libfreertos.a
Running Make libs in ps7_cortexa9_0/libsrc/wdtps_v3_1/src
make -C ps7_cortexa9_0/libsrc/wdtps_v3_1/src -s libs  "SHELL=/bin/sh" "COMPILER=arm-none-eabi-gcc" "ARCHIVER=arm-none-eabi-ar" "COMPILER_FLAGS=  -O2 -c" "EXTRA_COMPILER_FLAGS=-mcpu=cortex-a9 -mfpu=vfpv3 -mfloat-abi=hard -nostartfiles -g -Wall -Wextra"
Compiling wdtps
Running Make libs in ps7_cortexa9_0/libsrc/scutimer_v2_1/src
make -C ps7_cortexa9_0/libsrc/scutimer_v2_1/src -s libs  "SHELL=/bin/sh" "COMPILER=arm-none-eabi-gcc" "ARCHIVER=arm-none-eabi-ar" "COMPILER_FLAGS=  -O2 -c" "EXTRA_COMPILER_FLAGS=-mcpu=cortex-a9 -mfpu=vfpv3 -mfloat-abi=hard -nostartfiles -g -Wall -Wextra"
Compiling scutimer
Running Make libs in ps7_cortexa9_0/libsrc/coresightps_dcc_v1_5/src
make -C ps7_cortexa9_0/libsrc/coresightps_dcc_v1_5/src -s libs  "SHELL=/bin/sh" "COMPILER=arm-none-eabi-gcc" "ARCHIVER=arm-none-eabi-ar" "COMPILER_FLAGS=  -O2 -c" "EXTRA_COMPILER_FLAGS=-mcpu=cortex-a9 -mfpu=vfpv3 -mfloat-abi=hard -nostartfiles -g -Wall -Wextra"
Compiling coresightps_dcc
Finished building libraries
00:31:30 **** Build of configuration Debug for project UARTImage ****
make pre-build main-build 
a9-linaro-pre-build-step
 
Building file: ../src/freertos_hello_world.c
Invoking: ARM v7 gcc compiler
arm-none-eabi-gcc -Wall -O0 -g3 -c -fmessage-length=0 -MT"src/freertos_hello_world.o" -mcpu=cortex-a9 -mfpu=vfpv3 -mfloat-abi=hard -I../../freertos10_xilinx_bsp_base/ps7_cortexa9_0/include -MMD -MP -MF"src/freertos_hello_world.d" -MT"src/freertos_hello_world.o" -o "src/freertos_hello_world.o" "../src/freertos_hello_world.c"
Finished building: ../src/freertos_hello_world.c
 
Building target: UARTImage.elf
Invoking: ARM v7 gcc linker
arm-none-eabi-gcc -mcpu=cortex-a9 -mfpu=vfpv3 -mfloat-abi=hard -Wl,-build-id=none -specs=Xilinx.spec -Wl,-T -Wl,../src/lscript.ld -L../../freertos10_xilinx_bsp_base/ps7_cortexa9_0/lib -o "UARTImage.elf"  ./src/freertos_hello_world.o   -Wl,--start-group,-lxil,-lfreertos,-lgcc,-lc,--end-group -Wl,--start-group,-lxilffs,-lxil,-lgcc,-lc,--end-group
Finished building target: UARTImage.elf
 
Invoking: ARM v7 Print Size
arm-none-eabi-size UARTImage.elf  |tee "UARTImage.elf.size"
   text	   data	    bss	    dec	    hex	filename
  77708	   3388	  89424	 170520	  29a18	UARTImage.elf
Finished building: UARTImage.elf.size
 
00:31:32 **** Auto Build of configuration Debug for project UARTImage ****
make pre-build main-build 
a9-linaro-pre-build-step
 
make: rien à faire pour « main-build ».
00:32:21 **** Auto Build of configuration Debug for project UARTImage ****
make pre-build main-build 
a9-linaro-pre-build-step
 
Building file: ../atise_img.c
Invoking: ARM v7 gcc compiler
arm-none-eabi-gcc -Wall -O0 -g3 -c -fmessage-length=0 -MT"atise_img.o" -mcpu=cortex-a9 -mfpu=vfpv3 -mfloat-abi=hard -I../../freertos10_xilinx_bsp_base/ps7_cortexa9_0/include -MMD -MP -MF"atise_img.d" -MT"atise_img.o" -o "atise_img.o" "../atise_img.c"
Finished building: ../atise_img.c
 
Building file: ../atise_vdma.c
Invoking: ARM v7 gcc compiler
arm-none-eabi-gcc -Wall -O0 -g3 -c -fmessage-length=0 -MT"atise_vdma.o" -mcpu=cortex-a9 -mfpu=vfpv3 -mfloat-abi=hard -I../../freertos10_xilinx_bsp_base/ps7_cortexa9_0/include -MMD -MP -MF"atise_vdma.d" -MT"atise_vdma.o" -o "atise_vdma.o" "../atise_vdma.c"
Finished building: ../atise_vdma.c
 
Building file: ../hdpyx_spi.c
Invoking: ARM v7 gcc compiler
arm-none-eabi-gcc -Wall -O0 -g3 -c -fmessage-length=0 -MT"hdpyx_spi.o" -mcpu=cortex-a9 -mfpu=vfpv3 -mfloat-abi=hard -I../../freertos10_xilinx_bsp_base/ps7_cortexa9_0/include -MMD -MP -MF"hdpyx_spi.d" -MT"hdpyx_spi.o" -o "hdpyx_spi.o" "../hdpyx_spi.c"
Finished building: ../hdpyx_spi.c
 
Building file: ../main.c
Invoking: ARM v7 gcc compiler
arm-none-eabi-gcc -Wall -O0 -g3 -c -fmessage-length=0 -MT"main.o" -mcpu=cortex-a9 -mfpu=vfpv3 -mfloat-abi=hard -I../../freertos10_xilinx_bsp_base/ps7_cortexa9_0/include -MMD -MP -MF"main.d" -MT"main.o" -o "main.o" "../main.c"
../main.c:227:16: warning: 'spi_buffer' defined but not used [-Wunused-variable]
 static uint8_t spi_buffer[SPI_BUFFER_SIZE];
                ^~~~~~~~~~
../main.c:215:35: warning: 'gpio4' defined but not used [-Wunused-variable]
 static XGpio gpio0, gpio1, gpio3, gpio4;
                                   ^~~~~
../main.c:215:28: warning: 'gpio3' defined but not used [-Wunused-variable]
 static XGpio gpio0, gpio1, gpio3, gpio4;
                            ^~~~~
../main.c:215:21: warning: 'gpio1' defined but not used [-Wunused-variable]
 static XGpio gpio0, gpio1, gpio3, gpio4;
                     ^~~~~
../main.c: In function 'HDPYX_SETUP_TPG':
../main.c:766:8: warning: 'status' may be used uninitialized in this function [-Wmaybe-uninitialized]
     if (status != XST_SUCCESS) {
        ^
Finished building: ../main.c
 
Building target: UARTImage.elf
Invoking: ARM v7 gcc linker
arm-none-eabi-gcc -mcpu=cortex-a9 -mfpu=vfpv3 -mfloat-abi=hard -Wl,-build-id=none -specs=Xilinx.spec -Wl,-T -Wl,../src/lscript.ld -L../../freertos10_xilinx_bsp_base/ps7_cortexa9_0/lib -o "UARTImage.elf"  ./src/freertos_hello_world.o  ./atise_img.o ./atise_vdma.o ./hdpyx_spi.o ./main.o   -Wl,--start-group,-lxil,-lfreertos,-lgcc,-lc,--end-group -Wl,--start-group,-lxilffs,-lxil,-lgcc,-lc,--end-group
/home/killian/Xilinx/SDK/2019.1/gnu/aarch32/lin/gcc-arm-none-eabi/bin/../lib/gcc/arm-none-eabi/8.2.0/../../../../arm-none-eabi/bin/ld: ./main.o: in function `main':
makefile:39: recipe for target 'UARTImage.elf' failed
/home/killian/Bureau/Atise/Sources/design-16b_2CLK_3SENSORS/design_mars/Vdo/MarsZX3_EB1.sdk/UARTImage/Debug/../main.c:232: multiple definition of `main'; ./src/freertos_hello_world.o:/home/killian/Bureau/Atise/Sources/design-16b_2CLK_3SENSORS/design_mars/Vdo/MarsZX3_EB1.sdk/UARTImage/Debug/../src/freertos_hello_world.c:61: first defined here
collect2: error: ld returned 1 exit status
make: *** [UARTImage.elf] Error 1
00:32:58 **** Clean-only build of configuration Debug for project UARTImage ****
make clean 
rm -rf  ./src/freertos_hello_world.o  ./atise_img.o ./atise_vdma.o ./hdpyx_spi.o ./main.o  ./src/freertos_hello_world.d  ./atise_img.d ./atise_vdma.d ./hdpyx_spi.d ./main.d  UARTImage.elf.size  UARTImage.elf
 
00:32:58 **** Auto Build of configuration Debug for project UARTImage ****
make pre-build main-build 
a9-linaro-pre-build-step
 
Building file: ../atise_img.c
Invoking: ARM v7 gcc compiler
arm-none-eabi-gcc -Wall -O0 -g3 -c -fmessage-length=0 -MT"atise_img.o" -mcpu=cortex-a9 -mfpu=vfpv3 -mfloat-abi=hard -I../../freertos10_xilinx_bsp_base/ps7_cortexa9_0/include -MMD -MP -MF"atise_img.d" -MT"atise_img.o" -o "atise_img.o" "../atise_img.c"
Finished building: ../atise_img.c
 
Building file: ../atise_vdma.c
Invoking: ARM v7 gcc compiler
arm-none-eabi-gcc -Wall -O0 -g3 -c -fmessage-length=0 -MT"atise_vdma.o" -mcpu=cortex-a9 -mfpu=vfpv3 -mfloat-abi=hard -I../../freertos10_xilinx_bsp_base/ps7_cortexa9_0/include -MMD -MP -MF"atise_vdma.d" -MT"atise_vdma.o" -o "atise_vdma.o" "../atise_vdma.c"
Finished building: ../atise_vdma.c
 
Building file: ../hdpyx_spi.c
Invoking: ARM v7 gcc compiler
arm-none-eabi-gcc -Wall -O0 -g3 -c -fmessage-length=0 -MT"hdpyx_spi.o" -mcpu=cortex-a9 -mfpu=vfpv3 -mfloat-abi=hard -I../../freertos10_xilinx_bsp_base/ps7_cortexa9_0/include -MMD -MP -MF"hdpyx_spi.d" -MT"hdpyx_spi.o" -o "hdpyx_spi.o" "../hdpyx_spi.c"
Finished building: ../hdpyx_spi.c
 
Building file: ../main.c
Invoking: ARM v7 gcc compiler
arm-none-eabi-gcc -Wall -O0 -g3 -c -fmessage-length=0 -MT"main.o" -mcpu=cortex-a9 -mfpu=vfpv3 -mfloat-abi=hard -I../../freertos10_xilinx_bsp_base/ps7_cortexa9_0/include -MMD -MP -MF"main.d" -MT"main.o" -o "main.o" "../main.c"
../main.c:227:16: warning: 'spi_buffer' defined but not used [-Wunused-variable]
 static uint8_t spi_buffer[SPI_BUFFER_SIZE];
                ^~~~~~~~~~
../main.c:215:35: warning: 'gpio4' defined but not used [-Wunused-variable]
 static XGpio gpio0, gpio1, gpio3, gpio4;
                                   ^~~~~
../main.c:215:28: warning: 'gpio3' defined but not used [-Wunused-variable]
 static XGpio gpio0, gpio1, gpio3, gpio4;
                            ^~~~~
../main.c:215:21: warning: 'gpio1' defined but not used [-Wunused-variable]
 static XGpio gpio0, gpio1, gpio3, gpio4;
                     ^~~~~
../main.c: In function 'HDPYX_SETUP_TPG':
../main.c:766:8: warning: 'status' may be used uninitialized in this function [-Wmaybe-uninitialized]
     if (status != XST_SUCCESS) {
        ^
Finished building: ../main.c
 
Building target: UARTImage.elf
Invoking: ARM v7 gcc linker
arm-none-eabi-gcc -mcpu=cortex-a9 -mfpu=vfpv3 -mfloat-abi=hard -Wl,-build-id=none -specs=Xilinx.spec -Wl,-T -Wl,../src/lscript.ld -L../../freertos10_xilinx_bsp_base/ps7_cortexa9_0/lib -o "UARTImage.elf"  ./atise_img.o ./atise_vdma.o ./hdpyx_spi.o ./main.o   -Wl,--start-group,-lxil,-lfreertos,-lgcc,-lc,--end-group -Wl,--start-group,-lxilffs,-lxil,-lgcc,-lc,--end-group
Finished building target: UARTImage.elf
 
Invoking: ARM v7 Print Size
arm-none-eabi-size UARTImage.elf  |tee "UARTImage.elf.size"
   text	   data	    bss	    dec	    hex	filename
 125272	   4084	92425600	92554956	58446cc	UARTImage.elf
Finished building: UARTImage.elf.size
 
00:34:43 **** Auto Build of configuration Debug for project UARTImage ****
make pre-build main-build 
a9-linaro-pre-build-step
 
Building file: ../main.c
Invoking: ARM v7 gcc compiler
arm-none-eabi-gcc -Wall -O0 -g3 -c -fmessage-length=0 -MT"main.o" -mcpu=cortex-a9 -mfpu=vfpv3 -mfloat-abi=hard -I../../freertos10_xilinx_bsp_base/ps7_cortexa9_0/include -MMD -MP -MF"main.d" -MT"main.o" -o "main.o" "../main.c"
../main.c:224:16: warning: 'spi_buffer' defined but not used [-Wunused-variable]
 static uint8_t spi_buffer[SPI_BUFFER_SIZE];
                ^~~~~~~~~~
../main.c:212:35: warning: 'gpio4' defined but not used [-Wunused-variable]
 static XGpio gpio0, gpio1, gpio3, gpio4;
                                   ^~~~~
../main.c:212:28: warning: 'gpio3' defined but not used [-Wunused-variable]
 static XGpio gpio0, gpio1, gpio3, gpio4;
                            ^~~~~
../main.c:212:21: warning: 'gpio1' defined but not used [-Wunused-variable]
 static XGpio gpio0, gpio1, gpio3, gpio4;
                     ^~~~~
../main.c: In function 'HDPYX_SETUP_TPG':
../main.c:590:8: warning: 'status' may be used uninitialized in this function [-Wmaybe-uninitialized]
     if (status != XST_SUCCESS) {
        ^
Finished building: ../main.c
 
Building target: UARTImage.elf
Invoking: ARM v7 gcc linker
arm-none-eabi-gcc -mcpu=cortex-a9 -mfpu=vfpv3 -mfloat-abi=hard -Wl,-build-id=none -specs=Xilinx.spec -Wl,-T -Wl,../src/lscript.ld -L../../freertos10_xilinx_bsp_base/ps7_cortexa9_0/lib -o "UARTImage.elf"  ./atise_img.o ./atise_vdma.o ./hdpyx_spi.o ./main.o   -Wl,--start-group,-lxil,-lfreertos,-lgcc,-lc,--end-group -Wl,--start-group,-lxilffs,-lxil,-lgcc,-lc,--end-group
Finished building target: UARTImage.elf
 
Invoking: ARM v7 Print Size
arm-none-eabi-size UARTImage.elf  |tee "UARTImage.elf.size"
   text	   data	    bss	    dec	    hex	filename
 125272	   4084	92425600	92554956	58446cc	UARTImage.elf
Finished building: UARTImage.elf.size
 
00:34:57 **** Build of configuration Debug for project freertos10_xilinx_bsp_base_xuartps_hello_world_example_1 ****
make pre-build main-build 
a9-linaro-pre-build-step
 
Building file: ../src/xuartps_hello_world_example.c
Invoking: ARM v7 gcc compiler
arm-none-eabi-gcc -Wall -O0 -g3 -c -fmessage-length=0 -MT"src/xuartps_hello_world_example.o" -mcpu=cortex-a9 -mfpu=vfpv3 -mfloat-abi=hard -I../../freertos10_xilinx_bsp_base/ps7_cortexa9_0/include -MMD -MP -MF"src/xuartps_hello_world_example.d" -MT"src/xuartps_hello_world_example.o" -o "src/xuartps_hello_world_example.o" "../src/xuartps_hello_world_example.c"
Finished building: ../src/xuartps_hello_world_example.c
 
Building target: freertos10_xilinx_bsp_base_xuartps_hello_world_example_1.elf
Invoking: ARM v7 gcc linker
arm-none-eabi-gcc -mcpu=cortex-a9 -mfpu=vfpv3 -mfloat-abi=hard -Wl,-build-id=none -specs=Xilinx.spec -Wl,-T -Wl,../src/lscript.ld -L../../freertos10_xilinx_bsp_base/ps7_cortexa9_0/lib -o "freertos10_xilinx_bsp_base_xuartps_hello_world_example_1.elf"  ./src/xuartps_hello_world_example.o   -Wl,--start-group,-lxil,-lfreertos,-lgcc,-lc,--end-group -Wl,--start-group,-lxilffs,-lxil,-lgcc,-lc,--end-group
Finished building target: freertos10_xilinx_bsp_base_xuartps_hello_world_example_1.elf
 
Invoking: ARM v7 Print Size
arm-none-eabi-size freertos10_xilinx_bsp_base_xuartps_hello_world_example_1.elf  |tee "freertos10_xilinx_bsp_base_xuartps_hello_world_example_1.elf.size"
   text	   data	    bss	    dec	    hex	filename
  78720	   3384	  89472	 171576	  29e38	freertos10_xilinx_bsp_base_xuartps_hello_world_example_1.elf
Finished building: freertos10_xilinx_bsp_base_xuartps_hello_world_example_1.elf.size
 
00:34:59 **** Auto Build of configuration Debug for project freertos10_xilinx_bsp_base_xuartps_hello_world_example_1 ****
make pre-build main-build 
a9-linaro-pre-build-step
 
make: rien à faire pour « main-build ».
00:35:18 **** Auto Build of configuration Debug for project UARTImage ****
make pre-build main-build 
a9-linaro-pre-build-step
 
Building file: ../main.c
Invoking: ARM v7 gcc compiler
arm-none-eabi-gcc -Wall -O0 -g3 -c -fmessage-length=0 -MT"main.o" -mcpu=cortex-a9 -mfpu=vfpv3 -mfloat-abi=hard -I../../freertos10_xilinx_bsp_base/ps7_cortexa9_0/include -MMD -MP -MF"main.d" -MT"main.o" -o "main.o" "../main.c"
../main.c:228:16: warning: 'spi_buffer' defined but not used [-Wunused-variable]
 static uint8_t spi_buffer[SPI_BUFFER_SIZE];
                ^~~~~~~~~~
../main.c:216:35: warning: 'gpio4' defined but not used [-Wunused-variable]
 static XGpio gpio0, gpio1, gpio3, gpio4;
                                   ^~~~~
../main.c:216:28: warning: 'gpio3' defined but not used [-Wunused-variable]
 static XGpio gpio0, gpio1, gpio3, gpio4;
                            ^~~~~
../main.c:216:21: warning: 'gpio1' defined but not used [-Wunused-variable]
 static XGpio gpio0, gpio1, gpio3, gpio4;
                     ^~~~~
../main.c: In function 'HDPYX_SETUP_TPG':
../main.c:594:8: warning: 'status' may be used uninitialized in this function [-Wmaybe-uninitialized]
     if (status != XST_SUCCESS) {
        ^
Finished building: ../main.c
 
Building target: UARTImage.elf
Invoking: ARM v7 gcc linker
arm-none-eabi-gcc -mcpu=cortex-a9 -mfpu=vfpv3 -mfloat-abi=hard -Wl,-build-id=none -specs=Xilinx.spec -Wl,-T -Wl,../src/lscript.ld -L../../freertos10_xilinx_bsp_base/ps7_cortexa9_0/lib -o "UARTImage.elf"  ./atise_img.o ./atise_vdma.o ./hdpyx_spi.o ./main.o   -Wl,--start-group,-lxil,-lfreertos,-lgcc,-lc,--end-group -Wl,--start-group,-lxilffs,-lxil,-lgcc,-lc,--end-group
Finished building target: UARTImage.elf
 
Invoking: ARM v7 Print Size
arm-none-eabi-size UARTImage.elf  |tee "UARTImage.elf.size"
   text	   data	    bss	    dec	    hex	filename
 125272	   4084	92425600	92554956	58446cc	UARTImage.elf
Finished building: UARTImage.elf.size
 
00:35:29 **** Auto Build of configuration Debug for project UARTImage ****
make pre-build main-build 
a9-linaro-pre-build-step
 
Building file: ../main.c
Invoking: ARM v7 gcc compiler
arm-none-eabi-gcc -Wall -O0 -g3 -c -fmessage-length=0 -MT"main.o" -mcpu=cortex-a9 -mfpu=vfpv3 -mfloat-abi=hard -I../../freertos10_xilinx_bsp_base/ps7_cortexa9_0/include -MMD -MP -MF"main.d" -MT"main.o" -o "main.o" "../main.c"
../main.c:230:16: warning: 'spi_buffer' defined but not used [-Wunused-variable]
 static uint8_t spi_buffer[SPI_BUFFER_SIZE];
                ^~~~~~~~~~
../main.c:218:35: warning: 'gpio4' defined but not used [-Wunused-variable]
 static XGpio gpio0, gpio1, gpio3, gpio4;
                                   ^~~~~
../main.c:218:28: warning: 'gpio3' defined but not used [-Wunused-variable]
 static XGpio gpio0, gpio1, gpio3, gpio4;
                            ^~~~~
../main.c:218:21: warning: 'gpio1' defined but not used [-Wunused-variable]
 static XGpio gpio0, gpio1, gpio3, gpio4;
                     ^~~~~
../main.c: In function 'HDPYX_SETUP_TPG':
../main.c:596:8: warning: 'status' may be used uninitialized in this function [-Wmaybe-uninitialized]
     if (status != XST_SUCCESS) {
        ^
Finished building: ../main.c
 
Building target: UARTImage.elf
Invoking: ARM v7 gcc linker
arm-none-eabi-gcc -mcpu=cortex-a9 -mfpu=vfpv3 -mfloat-abi=hard -Wl,-build-id=none -specs=Xilinx.spec -Wl,-T -Wl,../src/lscript.ld -L../../freertos10_xilinx_bsp_base/ps7_cortexa9_0/lib -o "UARTImage.elf"  ./atise_img.o ./atise_vdma.o ./hdpyx_spi.o ./main.o   -Wl,--start-group,-lxil,-lfreertos,-lgcc,-lc,--end-group -Wl,--start-group,-lxilffs,-lxil,-lgcc,-lc,--end-group
Finished building target: UARTImage.elf
 
Invoking: ARM v7 Print Size
arm-none-eabi-size UARTImage.elf  |tee "UARTImage.elf.size"
   text	   data	    bss	    dec	    hex	filename
 125272	   4084	92425600	92554956	58446cc	UARTImage.elf
Finished building: UARTImage.elf.size
 
00:35:44 **** Auto Build of configuration Debug for project UARTImage ****
make pre-build main-build 
a9-linaro-pre-build-step
 
Building file: ../main.c
Invoking: ARM v7 gcc compiler
arm-none-eabi-gcc -Wall -O0 -g3 -c -fmessage-length=0 -MT"main.o" -mcpu=cortex-a9 -mfpu=vfpv3 -mfloat-abi=hard -I../../freertos10_xilinx_bsp_base/ps7_cortexa9_0/include -MMD -MP -MF"main.d" -MT"main.o" -o "main.o" "../main.c"
../main.c:231:16: warning: 'spi_buffer' defined but not used [-Wunused-variable]
 static uint8_t spi_buffer[SPI_BUFFER_SIZE];
                ^~~~~~~~~~
../main.c:219:35: warning: 'gpio4' defined but not used [-Wunused-variable]
 static XGpio gpio0, gpio1, gpio3, gpio4;
                                   ^~~~~
../main.c:219:28: warning: 'gpio3' defined but not used [-Wunused-variable]
 static XGpio gpio0, gpio1, gpio3, gpio4;
                            ^~~~~
../main.c:219:21: warning: 'gpio1' defined but not used [-Wunused-variable]
 static XGpio gpio0, gpio1, gpio3, gpio4;
                     ^~~~~
../main.c: In function 'HDPYX_SETUP_TPG':
../main.c:597:8: warning: 'status' may be used uninitialized in this function [-Wmaybe-uninitialized]
     if (status != XST_SUCCESS) {
        ^
Finished building: ../main.c
 
Building target: UARTImage.elf
Invoking: ARM v7 gcc linker
arm-none-eabi-gcc -mcpu=cortex-a9 -mfpu=vfpv3 -mfloat-abi=hard -Wl,-build-id=none -specs=Xilinx.spec -Wl,-T -Wl,../src/lscript.ld -L../../freertos10_xilinx_bsp_base/ps7_cortexa9_0/lib -o "UARTImage.elf"  ./atise_img.o ./atise_vdma.o ./hdpyx_spi.o ./main.o   -Wl,--start-group,-lxil,-lfreertos,-lgcc,-lc,--end-group -Wl,--start-group,-lxilffs,-lxil,-lgcc,-lc,--end-group
Finished building target: UARTImage.elf
 
Invoking: ARM v7 Print Size
arm-none-eabi-size UARTImage.elf  |tee "UARTImage.elf.size"
   text	   data	    bss	    dec	    hex	filename
 125272	   4084	92425600	92554956	58446cc	UARTImage.elf
Finished building: UARTImage.elf.size
 
00:35:58 **** Auto Build of configuration Debug for project UARTImage ****
make pre-build main-build 
a9-linaro-pre-build-step
 
Building file: ../main.c
Invoking: ARM v7 gcc compiler
arm-none-eabi-gcc -Wall -O0 -g3 -c -fmessage-length=0 -MT"main.o" -mcpu=cortex-a9 -mfpu=vfpv3 -mfloat-abi=hard -I../../freertos10_xilinx_bsp_base/ps7_cortexa9_0/include -MMD -MP -MF"main.d" -MT"main.o" -o "main.o" "../main.c"
../main.c:231:16: warning: 'spi_buffer' defined but not used [-Wunused-variable]
 static uint8_t spi_buffer[SPI_BUFFER_SIZE];
                ^~~~~~~~~~
../main.c:219:35: warning: 'gpio4' defined but not used [-Wunused-variable]
 static XGpio gpio0, gpio1, gpio3, gpio4;
                                   ^~~~~
../main.c:219:28: warning: 'gpio3' defined but not used [-Wunused-variable]
 static XGpio gpio0, gpio1, gpio3, gpio4;
                            ^~~~~
../main.c:219:21: warning: 'gpio1' defined but not used [-Wunused-variable]
 static XGpio gpio0, gpio1, gpio3, gpio4;
                     ^~~~~
../main.c: In function 'HDPYX_SETUP_TPG':
../main.c:597:8: warning: 'status' may be used uninitialized in this function [-Wmaybe-uninitialized]
     if (status != XST_SUCCESS) {
        ^
Finished building: ../main.c
 
Building target: UARTImage.elf
Invoking: ARM v7 gcc linker
arm-none-eabi-gcc -mcpu=cortex-a9 -mfpu=vfpv3 -mfloat-abi=hard -Wl,-build-id=none -specs=Xilinx.spec -Wl,-T -Wl,../src/lscript.ld -L../../freertos10_xilinx_bsp_base/ps7_cortexa9_0/lib -o "UARTImage.elf"  ./atise_img.o ./atise_vdma.o ./hdpyx_spi.o ./main.o   -Wl,--start-group,-lxil,-lfreertos,-lgcc,-lc,--end-group -Wl,--start-group,-lxilffs,-lxil,-lgcc,-lc,--end-group
Finished building target: UARTImage.elf
 
Invoking: ARM v7 Print Size
arm-none-eabi-size UARTImage.elf  |tee "UARTImage.elf.size"
   text	   data	    bss	    dec	    hex	filename
 125272	   4084	92425600	92554956	58446cc	UARTImage.elf
Finished building: UARTImage.elf.size
 
00:36:15 **** Auto Build of configuration Debug for project UARTImage ****
make pre-build main-build 
a9-linaro-pre-build-step
 
Building file: ../main.c
Invoking: ARM v7 gcc compiler
arm-none-eabi-gcc -Wall -O0 -g3 -c -fmessage-length=0 -MT"main.o" -mcpu=cortex-a9 -mfpu=vfpv3 -mfloat-abi=hard -I../../freertos10_xilinx_bsp_base/ps7_cortexa9_0/include -MMD -MP -MF"main.d" -MT"main.o" -o "main.o" "../main.c"
../main.c:231:16: warning: 'spi_buffer' defined but not used [-Wunused-variable]
 static uint8_t spi_buffer[SPI_BUFFER_SIZE];
                ^~~~~~~~~~
../main.c:219:35: warning: 'gpio4' defined but not used [-Wunused-variable]
 static XGpio gpio0, gpio1, gpio3, gpio4;
                                   ^~~~~
../main.c:219:28: warning: 'gpio3' defined but not used [-Wunused-variable]
 static XGpio gpio0, gpio1, gpio3, gpio4;
                            ^~~~~
../main.c:219:21: warning: 'gpio1' defined but not used [-Wunused-variable]
 static XGpio gpio0, gpio1, gpio3, gpio4;
                     ^~~~~
../main.c: In function 'HDPYX_SETUP_TPG':
../main.c:599:8: warning: 'status' may be used uninitialized in this function [-Wmaybe-uninitialized]
     if (status != XST_SUCCESS) {
        ^
Finished building: ../main.c
 
Building target: UARTImage.elf
Invoking: ARM v7 gcc linker
arm-none-eabi-gcc -mcpu=cortex-a9 -mfpu=vfpv3 -mfloat-abi=hard -Wl,-build-id=none -specs=Xilinx.spec -Wl,-T -Wl,../src/lscript.ld -L../../freertos10_xilinx_bsp_base/ps7_cortexa9_0/lib -o "UARTImage.elf"  ./atise_img.o ./atise_vdma.o ./hdpyx_spi.o ./main.o   -Wl,--start-group,-lxil,-lfreertos,-lgcc,-lc,--end-group -Wl,--start-group,-lxilffs,-lxil,-lgcc,-lc,--end-group
Finished building target: UARTImage.elf
 
Invoking: ARM v7 Print Size
arm-none-eabi-size UARTImage.elf  |tee "UARTImage.elf.size"
   text	   data	    bss	    dec	    hex	filename
 125272	   4084	92425664	92555020	584470c	UARTImage.elf
Finished building: UARTImage.elf.size
 
00:36:45 **** Auto Build of configuration Debug for project UARTImage ****
make pre-build main-build 
a9-linaro-pre-build-step
 
Building file: ../main.c
Invoking: ARM v7 gcc compiler
arm-none-eabi-gcc -Wall -O0 -g3 -c -fmessage-length=0 -MT"main.o" -mcpu=cortex-a9 -mfpu=vfpv3 -mfloat-abi=hard -I../../freertos10_xilinx_bsp_base/ps7_cortexa9_0/include -MMD -MP -MF"main.d" -MT"main.o" -o "main.o" "../main.c"
../main.c:231:16: warning: 'spi_buffer' defined but not used [-Wunused-variable]
 static uint8_t spi_buffer[SPI_BUFFER_SIZE];
                ^~~~~~~~~~
../main.c:219:35: warning: 'gpio4' defined but not used [-Wunused-variable]
 static XGpio gpio0, gpio1, gpio3, gpio4;
                                   ^~~~~
../main.c:219:28: warning: 'gpio3' defined but not used [-Wunused-variable]
 static XGpio gpio0, gpio1, gpio3, gpio4;
                            ^~~~~
../main.c:219:21: warning: 'gpio1' defined but not used [-Wunused-variable]
 static XGpio gpio0, gpio1, gpio3, gpio4;
                     ^~~~~
../main.c: In function 'HDPYX_SETUP_TPG':
../main.c:599:8: warning: 'status' may be used uninitialized in this function [-Wmaybe-uninitialized]
     if (status != XST_SUCCESS) {
        ^
Finished building: ../main.c
 
Building target: UARTImage.elf
Invoking: ARM v7 gcc linker
arm-none-eabi-gcc -mcpu=cortex-a9 -mfpu=vfpv3 -mfloat-abi=hard -Wl,-build-id=none -specs=Xilinx.spec -Wl,-T -Wl,../src/lscript.ld -L../../freertos10_xilinx_bsp_base/ps7_cortexa9_0/lib -o "UARTImage.elf"  ./atise_img.o ./atise_vdma.o ./hdpyx_spi.o ./main.o   -Wl,--start-group,-lxil,-lfreertos,-lgcc,-lc,--end-group -Wl,--start-group,-lxilffs,-lxil,-lgcc,-lc,--end-group
Finished building target: UARTImage.elf
 
Invoking: ARM v7 Print Size
arm-none-eabi-size UARTImage.elf  |tee "UARTImage.elf.size"
   text	   data	    bss	    dec	    hex	filename
 127028	   4100	92425664	92556792	5844df8	UARTImage.elf
Finished building: UARTImage.elf.size
 
00:36:50 **** Auto Build of configuration Debug for project UARTImage ****
make pre-build main-build 
a9-linaro-pre-build-step
 
Building file: ../main.c
Invoking: ARM v7 gcc compiler
arm-none-eabi-gcc -Wall -O0 -g3 -c -fmessage-length=0 -MT"main.o" -mcpu=cortex-a9 -mfpu=vfpv3 -mfloat-abi=hard -I../../freertos10_xilinx_bsp_base/ps7_cortexa9_0/include -MMD -MP -MF"main.d" -MT"main.o" -o "main.o" "../main.c"
../main.c:231:16: warning: 'spi_buffer' defined but not used [-Wunused-variable]
 static uint8_t spi_buffer[SPI_BUFFER_SIZE];
                ^~~~~~~~~~
../main.c:219:35: warning: 'gpio4' defined but not used [-Wunused-variable]
 static XGpio gpio0, gpio1, gpio3, gpio4;
                                   ^~~~~
../main.c:219:28: warning: 'gpio3' defined but not used [-Wunused-variable]
 static XGpio gpio0, gpio1, gpio3, gpio4;
                            ^~~~~
../main.c:219:21: warning: 'gpio1' defined but not used [-Wunused-variable]
 static XGpio gpio0, gpio1, gpio3, gpio4;
                     ^~~~~
../main.c: In function 'HDPYX_SETUP_TPG':
../main.c:599:8: warning: 'status' may be used uninitialized in this function [-Wmaybe-uninitialized]
     if (status != XST_SUCCESS) {
        ^
Finished building: ../main.c
 
Building target: UARTImage.elf
Invoking: ARM v7 gcc linker
arm-none-eabi-gcc -mcpu=cortex-a9 -mfpu=vfpv3 -mfloat-abi=hard -Wl,-build-id=none -specs=Xilinx.spec -Wl,-T -Wl,../src/lscript.ld -L../../freertos10_xilinx_bsp_base/ps7_cortexa9_0/lib -o "UARTImage.elf"  ./atise_img.o ./atise_vdma.o ./hdpyx_spi.o ./main.o   -Wl,--start-group,-lxil,-lfreertos,-lgcc,-lc,--end-group -Wl,--start-group,-lxilffs,-lxil,-lgcc,-lc,--end-group
Finished building target: UARTImage.elf
 
Invoking: ARM v7 Print Size
arm-none-eabi-size UARTImage.elf  |tee "UARTImage.elf.size"
   text	   data	    bss	    dec	    hex	filename
 127028	   4100	92425664	92556792	5844df8	UARTImage.elf
Finished building: UARTImage.elf.size
 
00:36:58 **** Auto Build of configuration Debug for project UARTImage ****
make pre-build main-build 
a9-linaro-pre-build-step
 
Building file: ../main.c
Invoking: ARM v7 gcc compiler
arm-none-eabi-gcc -Wall -O0 -g3 -c -fmessage-length=0 -MT"main.o" -mcpu=cortex-a9 -mfpu=vfpv3 -mfloat-abi=hard -I../../freertos10_xilinx_bsp_base/ps7_cortexa9_0/include -MMD -MP -MF"main.d" -MT"main.o" -o "main.o" "../main.c"
../main.c:231:16: warning: 'spi_buffer' defined but not used [-Wunused-variable]
 static uint8_t spi_buffer[SPI_BUFFER_SIZE];
                ^~~~~~~~~~
../main.c:219:35: warning: 'gpio4' defined but not used [-Wunused-variable]
 static XGpio gpio0, gpio1, gpio3, gpio4;
                                   ^~~~~
../main.c:219:28: warning: 'gpio3' defined but not used [-Wunused-variable]
 static XGpio gpio0, gpio1, gpio3, gpio4;
                            ^~~~~
../main.c:219:21: warning: 'gpio1' defined but not used [-Wunused-variable]
 static XGpio gpio0, gpio1, gpio3, gpio4;
                     ^~~~~
../main.c: In function 'HDPYX_SETUP_TPG':
../main.c:599:8: warning: 'status' may be used uninitialized in this function [-Wmaybe-uninitialized]
     if (status != XST_SUCCESS) {
        ^
Finished building: ../main.c
 
Building target: UARTImage.elf
Invoking: ARM v7 gcc linker
arm-none-eabi-gcc -mcpu=cortex-a9 -mfpu=vfpv3 -mfloat-abi=hard -Wl,-build-id=none -specs=Xilinx.spec -Wl,-T -Wl,../src/lscript.ld -L../../freertos10_xilinx_bsp_base/ps7_cortexa9_0/lib -o "UARTImage.elf"  ./atise_img.o ./atise_vdma.o ./hdpyx_spi.o ./main.o   -Wl,--start-group,-lxil,-lfreertos,-lgcc,-lc,--end-group -Wl,--start-group,-lxilffs,-lxil,-lgcc,-lc,--end-group
Finished building target: UARTImage.elf
 
Invoking: ARM v7 Print Size
arm-none-eabi-size UARTImage.elf  |tee "UARTImage.elf.size"
   text	   data	    bss	    dec	    hex	filename
 127028	   4100	92425664	92556792	5844df8	UARTImage.elf
Finished building: UARTImage.elf.size
 
00:37:33 **** Auto Build of configuration Debug for project UARTImage ****
make pre-build main-build 
a9-linaro-pre-build-step
 
Building file: ../main.c
Invoking: ARM v7 gcc compiler
arm-none-eabi-gcc -Wall -O0 -g3 -c -fmessage-length=0 -MT"main.o" -mcpu=cortex-a9 -mfpu=vfpv3 -mfloat-abi=hard -I../../freertos10_xilinx_bsp_base/ps7_cortexa9_0/include -MMD -MP -MF"main.d" -MT"main.o" -o "main.o" "../main.c"
../main.c: In function 'main':
../main.c:425:13: warning: implicit declaration of function 'UartPsHelloWorldExample' [-Wimplicit-function-declaration]
    Status = UartPsHelloWorldExample(UART_DEVICE_ID);
             ^~~~~~~~~~~~~~~~~~~~~~~
At top level:
../main.c:231:16: warning: 'spi_buffer' defined but not used [-Wunused-variable]
 static uint8_t spi_buffer[SPI_BUFFER_SIZE];
                ^~~~~~~~~~
../main.c:219:35: warning: 'gpio4' defined but not used [-Wunused-variable]
 static XGpio gpio0, gpio1, gpio3, gpio4;
                                   ^~~~~
../main.c:219:28: warning: 'gpio3' defined but not used [-Wunused-variable]
 static XGpio gpio0, gpio1, gpio3, gpio4;
                            ^~~~~
../main.c:219:21: warning: 'gpio1' defined but not used [-Wunused-variable]
 static XGpio gpio0, gpio1, gpio3, gpio4;
                     ^~~~~
../main.c: In function 'HDPYX_SETUP_TPG':
../main.c:613:8: warning: 'status' may be used uninitialized in this function [-Wmaybe-uninitialized]
     if (status != XST_SUCCESS) {
        ^
Finished building: ../main.c
 
Building target: UARTImage.elf
Invoking: ARM v7 gcc linker
arm-none-eabi-gcc -mcpu=cortex-a9 -mfpu=vfpv3 -mfloat-abi=hard -Wl,-build-id=none -specs=Xilinx.spec -Wl,-T -Wl,../src/lscript.ld -L../../freertos10_xilinx_bsp_base/ps7_cortexa9_0/lib -o "UARTImage.elf"  ./atise_img.o ./atise_vdma.o ./hdpyx_spi.o ./main.o   -Wl,--start-group,-lxil,-lfreertos,-lgcc,-lc,--end-group -Wl,--start-group,-lxilffs,-lxil,-lgcc,-lc,--end-group
/home/killian/Xilinx/SDK/2019.1/gnu/aarch32/lin/gcc-arm-none-eabi/bin/../lib/gcc/arm-none-eabi/8.2.0/../../../../arm-none-eabi/bin/ld: ./main.o: in function `main':
makefile:38: recipe for target 'UARTImage.elf' failed
/home/killian/Bureau/Atise/Sources/design-16b_2CLK_3SENSORS/design_mars/Vdo/MarsZX3_EB1.sdk/UARTImage/Debug/../main.c:425: undefined reference to `UartPsHelloWorldExample'
collect2: error: ld returned 1 exit status
make: *** [UARTImage.elf] Error 1
00:37:41 **** Auto Build of configuration Debug for project UARTImage ****
make pre-build main-build 
a9-linaro-pre-build-step
 
Building file: ../main.c
Invoking: ARM v7 gcc compiler
arm-none-eabi-gcc -Wall -O0 -g3 -c -fmessage-length=0 -MT"main.o" -mcpu=cortex-a9 -mfpu=vfpv3 -mfloat-abi=hard -I../../freertos10_xilinx_bsp_base/ps7_cortexa9_0/include -MMD -MP -MF"main.d" -MT"main.o" -o "main.o" "../main.c"
../main.c:231:16: warning: 'spi_buffer' defined but not used [-Wunused-variable]
 static uint8_t spi_buffer[SPI_BUFFER_SIZE];
                ^~~~~~~~~~
../main.c:219:35: warning: 'gpio4' defined but not used [-Wunused-variable]
 static XGpio gpio0, gpio1, gpio3, gpio4;
                                   ^~~~~
../main.c:219:28: warning: 'gpio3' defined but not used [-Wunused-variable]
 static XGpio gpio0, gpio1, gpio3, gpio4;
                            ^~~~~
../main.c:219:21: warning: 'gpio1' defined but not used [-Wunused-variable]
 static XGpio gpio0, gpio1, gpio3, gpio4;
                     ^~~~~
../main.c: In function 'HDPYX_SETUP_TPG':
../main.c:609:8: warning: 'status' may be used uninitialized in this function [-Wmaybe-uninitialized]
     if (status != XST_SUCCESS) {
        ^
Finished building: ../main.c
 
Building target: UARTImage.elf
Invoking: ARM v7 gcc linker
arm-none-eabi-gcc -mcpu=cortex-a9 -mfpu=vfpv3 -mfloat-abi=hard -Wl,-build-id=none -specs=Xilinx.spec -Wl,-T -Wl,../src/lscript.ld -L../../freertos10_xilinx_bsp_base/ps7_cortexa9_0/lib -o "UARTImage.elf"  ./atise_img.o ./atise_vdma.o ./hdpyx_spi.o ./main.o   -Wl,--start-group,-lxil,-lfreertos,-lgcc,-lc,--end-group -Wl,--start-group,-lxilffs,-lxil,-lgcc,-lc,--end-group
Finished building target: UARTImage.elf
 
Invoking: ARM v7 Print Size
arm-none-eabi-size UARTImage.elf  |tee "UARTImage.elf.size"
   text	   data	    bss	    dec	    hex	filename
 127172	   4100	92425664	92556936	5844e88	UARTImage.elf
Finished building: UARTImage.elf.size
 
00:38:02 **** Auto Build of configuration Debug for project UARTImage ****
make pre-build main-build 
a9-linaro-pre-build-step
 
Building file: ../main.c
Invoking: ARM v7 gcc compiler
arm-none-eabi-gcc -Wall -O0 -g3 -c -fmessage-length=0 -MT"main.o" -mcpu=cortex-a9 -mfpu=vfpv3 -mfloat-abi=hard -I../../freertos10_xilinx_bsp_base/ps7_cortexa9_0/include -MMD -MP -MF"main.d" -MT"main.o" -o "main.o" "../main.c"
../main.c:231:16: warning: 'spi_buffer' defined but not used [-Wunused-variable]
 static uint8_t spi_buffer[SPI_BUFFER_SIZE];
                ^~~~~~~~~~
../main.c:219:35: warning: 'gpio4' defined but not used [-Wunused-variable]
 static XGpio gpio0, gpio1, gpio3, gpio4;
                                   ^~~~~
../main.c:219:28: warning: 'gpio3' defined but not used [-Wunused-variable]
 static XGpio gpio0, gpio1, gpio3, gpio4;
                            ^~~~~
../main.c:219:21: warning: 'gpio1' defined but not used [-Wunused-variable]
 static XGpio gpio0, gpio1, gpio3, gpio4;
                     ^~~~~
../main.c: In function 'HDPYX_SETUP_TPG':
../main.c:607:8: warning: 'status' may be used uninitialized in this function [-Wmaybe-uninitialized]
     if (status != XST_SUCCESS) {
        ^
Finished building: ../main.c
 
Building target: UARTImage.elf
Invoking: ARM v7 gcc linker
arm-none-eabi-gcc -mcpu=cortex-a9 -mfpu=vfpv3 -mfloat-abi=hard -Wl,-build-id=none -specs=Xilinx.spec -Wl,-T -Wl,../src/lscript.ld -L../../freertos10_xilinx_bsp_base/ps7_cortexa9_0/lib -o "UARTImage.elf"  ./atise_img.o ./atise_vdma.o ./hdpyx_spi.o ./main.o   -Wl,--start-group,-lxil,-lfreertos,-lgcc,-lc,--end-group -Wl,--start-group,-lxilffs,-lxil,-lgcc,-lc,--end-group
Finished building target: UARTImage.elf
 
Invoking: ARM v7 Print Size
arm-none-eabi-size UARTImage.elf  |tee "UARTImage.elf.size"
   text	   data	    bss	    dec	    hex	filename
 127172	   4100	92425664	92556936	5844e88	UARTImage.elf
Finished building: UARTImage.elf.size
 
00:38:13 **** Auto Build of configuration Debug for project UARTImage ****
make pre-build main-build 
a9-linaro-pre-build-step
 
Building file: ../main.c
Invoking: ARM v7 gcc compiler
arm-none-eabi-gcc -Wall -O0 -g3 -c -fmessage-length=0 -MT"main.o" -mcpu=cortex-a9 -mfpu=vfpv3 -mfloat-abi=hard -I../../freertos10_xilinx_bsp_base/ps7_cortexa9_0/include -MMD -MP -MF"main.d" -MT"main.o" -o "main.o" "../main.c"
../main.c:231:16: warning: 'spi_buffer' defined but not used [-Wunused-variable]
 static uint8_t spi_buffer[SPI_BUFFER_SIZE];
                ^~~~~~~~~~
../main.c:219:35: warning: 'gpio4' defined but not used [-Wunused-variable]
 static XGpio gpio0, gpio1, gpio3, gpio4;
                                   ^~~~~
../main.c:219:28: warning: 'gpio3' defined but not used [-Wunused-variable]
 static XGpio gpio0, gpio1, gpio3, gpio4;
                            ^~~~~
../main.c:219:21: warning: 'gpio1' defined but not used [-Wunused-variable]
 static XGpio gpio0, gpio1, gpio3, gpio4;
                     ^~~~~
../main.c: In function 'HDPYX_SETUP_TPG':
../main.c:607:8: warning: 'status' may be used uninitialized in this function [-Wmaybe-uninitialized]
     if (status != XST_SUCCESS) {
        ^
Finished building: ../main.c
 
Building target: UARTImage.elf
Invoking: ARM v7 gcc linker
arm-none-eabi-gcc -mcpu=cortex-a9 -mfpu=vfpv3 -mfloat-abi=hard -Wl,-build-id=none -specs=Xilinx.spec -Wl,-T -Wl,../src/lscript.ld -L../../freertos10_xilinx_bsp_base/ps7_cortexa9_0/lib -o "UARTImage.elf"  ./atise_img.o ./atise_vdma.o ./hdpyx_spi.o ./main.o   -Wl,--start-group,-lxil,-lfreertos,-lgcc,-lc,--end-group -Wl,--start-group,-lxilffs,-lxil,-lgcc,-lc,--end-group
Finished building target: UARTImage.elf
 
Invoking: ARM v7 Print Size
arm-none-eabi-size UARTImage.elf  |tee "UARTImage.elf.size"
   text	   data	    bss	    dec	    hex	filename
 127172	   4100	92425664	92556936	5844e88	UARTImage.elf
Finished building: UARTImage.elf.size
 
00:38:52 **** Incremental Build of configuration Debug for project UARTImage ****
make pre-build main-build 
a9-linaro-pre-build-step
 
make: rien à faire pour « main-build ».
00:46:00 **** Auto Build of configuration Debug for project UARTImage ****
make pre-build main-build 
a9-linaro-pre-build-step
 
Building file: ../main.c
Invoking: ARM v7 gcc compiler
arm-none-eabi-gcc -Wall -O0 -g3 -c -fmessage-length=0 -MT"main.o" -mcpu=cortex-a9 -mfpu=vfpv3 -mfloat-abi=hard -I../../freertos10_xilinx_bsp_base/ps7_cortexa9_0/include -MMD -MP -MF"main.d" -MT"main.o" -o "main.o" "../main.c"
../main.c:231:16: warning: 'spi_buffer' defined but not used [-Wunused-variable]
 static uint8_t spi_buffer[SPI_BUFFER_SIZE];
                ^~~~~~~~~~
../main.c:219:35: warning: 'gpio4' defined but not used [-Wunused-variable]
 static XGpio gpio0, gpio1, gpio3, gpio4;
                                   ^~~~~
../main.c:219:28: warning: 'gpio3' defined but not used [-Wunused-variable]
 static XGpio gpio0, gpio1, gpio3, gpio4;
                            ^~~~~
../main.c:219:21: warning: 'gpio1' defined but not used [-Wunused-variable]
 static XGpio gpio0, gpio1, gpio3, gpio4;
                     ^~~~~
../main.c: In function 'HDPYX_SETUP_TPG':
../main.c:607:8: warning: 'status' may be used uninitialized in this function [-Wmaybe-uninitialized]
     if (status != XST_SUCCESS) {
        ^
Finished building: ../main.c
 
Building target: UARTImage.elf
Invoking: ARM v7 gcc linker
arm-none-eabi-gcc -mcpu=cortex-a9 -mfpu=vfpv3 -mfloat-abi=hard -Wl,-build-id=none -specs=Xilinx.spec -Wl,-T -Wl,../src/lscript.ld -L../../freertos10_xilinx_bsp_base/ps7_cortexa9_0/lib -o "UARTImage.elf"  ./atise_img.o ./atise_vdma.o ./hdpyx_spi.o ./main.o   -Wl,--start-group,-lxil,-lfreertos,-lgcc,-lc,--end-group -Wl,--start-group,-lxilffs,-lxil,-lgcc,-lc,--end-group
Finished building target: UARTImage.elf
 
Invoking: ARM v7 Print Size
arm-none-eabi-size UARTImage.elf  |tee "UARTImage.elf.size"
   text	   data	    bss	    dec	    hex	filename
 127140	   4100	92425664	92556904	5844e68	UARTImage.elf
Finished building: UARTImage.elf.size
 
00:46:19 **** Auto Build of configuration Debug for project UARTImage ****
make pre-build main-build 
a9-linaro-pre-build-step
 
Building file: ../main.c
Invoking: ARM v7 gcc compiler
arm-none-eabi-gcc -Wall -O0 -g3 -c -fmessage-length=0 -MT"main.o" -mcpu=cortex-a9 -mfpu=vfpv3 -mfloat-abi=hard -I../../freertos10_xilinx_bsp_base/ps7_cortexa9_0/include -MMD -MP -MF"main.d" -MT"main.o" -o "main.o" "../main.c"
../main.c:231:16: warning: 'spi_buffer' defined but not used [-Wunused-variable]
 static uint8_t spi_buffer[SPI_BUFFER_SIZE];
                ^~~~~~~~~~
../main.c:219:35: warning: 'gpio4' defined but not used [-Wunused-variable]
 static XGpio gpio0, gpio1, gpio3, gpio4;
                                   ^~~~~
../main.c:219:28: warning: 'gpio3' defined but not used [-Wunused-variable]
 static XGpio gpio0, gpio1, gpio3, gpio4;
                            ^~~~~
../main.c:219:21: warning: 'gpio1' defined but not used [-Wunused-variable]
 static XGpio gpio0, gpio1, gpio3, gpio4;
                     ^~~~~
../main.c: In function 'HDPYX_SETUP_TPG':
../main.c:607:8: warning: 'status' may be used uninitialized in this function [-Wmaybe-uninitialized]
     if (status != XST_SUCCESS) {
        ^
Finished building: ../main.c
 
Building target: UARTImage.elf
Invoking: ARM v7 gcc linker
arm-none-eabi-gcc -mcpu=cortex-a9 -mfpu=vfpv3 -mfloat-abi=hard -Wl,-build-id=none -specs=Xilinx.spec -Wl,-T -Wl,../src/lscript.ld -L../../freertos10_xilinx_bsp_base/ps7_cortexa9_0/lib -o "UARTImage.elf"  ./atise_img.o ./atise_vdma.o ./hdpyx_spi.o ./main.o   -Wl,--start-group,-lxil,-lfreertos,-lgcc,-lc,--end-group -Wl,--start-group,-lxilffs,-lxil,-lgcc,-lc,--end-group
Finished building target: UARTImage.elf
 
Invoking: ARM v7 Print Size
arm-none-eabi-size UARTImage.elf  |tee "UARTImage.elf.size"
   text	   data	    bss	    dec	    hex	filename
 126980	   4100	92425664	92556744	5844dc8	UARTImage.elf
Finished building: UARTImage.elf.size
 
00:46:32 **** Auto Build of configuration Debug for project UARTImage ****
make pre-build main-build 
a9-linaro-pre-build-step
 
Building file: ../main.c
Invoking: ARM v7 gcc compiler
arm-none-eabi-gcc -Wall -O0 -g3 -c -fmessage-length=0 -MT"main.o" -mcpu=cortex-a9 -mfpu=vfpv3 -mfloat-abi=hard -I../../freertos10_xilinx_bsp_base/ps7_cortexa9_0/include -MMD -MP -MF"main.d" -MT"main.o" -o "main.o" "../main.c"
../main.c:231:16: warning: 'spi_buffer' defined but not used [-Wunused-variable]
 static uint8_t spi_buffer[SPI_BUFFER_SIZE];
                ^~~~~~~~~~
../main.c:219:35: warning: 'gpio4' defined but not used [-Wunused-variable]
 static XGpio gpio0, gpio1, gpio3, gpio4;
                                   ^~~~~
../main.c:219:28: warning: 'gpio3' defined but not used [-Wunused-variable]
 static XGpio gpio0, gpio1, gpio3, gpio4;
                            ^~~~~
../main.c:219:21: warning: 'gpio1' defined but not used [-Wunused-variable]
 static XGpio gpio0, gpio1, gpio3, gpio4;
                     ^~~~~
../main.c: In function 'HDPYX_SETUP_TPG':
../main.c:607:8: warning: 'status' may be used uninitialized in this function [-Wmaybe-uninitialized]
     if (status != XST_SUCCESS) {
        ^
Finished building: ../main.c
 
Building target: UARTImage.elf
Invoking: ARM v7 gcc linker
arm-none-eabi-gcc -mcpu=cortex-a9 -mfpu=vfpv3 -mfloat-abi=hard -Wl,-build-id=none -specs=Xilinx.spec -Wl,-T -Wl,../src/lscript.ld -L../../freertos10_xilinx_bsp_base/ps7_cortexa9_0/lib -o "UARTImage.elf"  ./atise_img.o ./atise_vdma.o ./hdpyx_spi.o ./main.o   -Wl,--start-group,-lxil,-lfreertos,-lgcc,-lc,--end-group -Wl,--start-group,-lxilffs,-lxil,-lgcc,-lc,--end-group
Finished building target: UARTImage.elf
 
Invoking: ARM v7 Print Size
arm-none-eabi-size UARTImage.elf  |tee "UARTImage.elf.size"
   text	   data	    bss	    dec	    hex	filename
 126948	   4100	92425664	92556712	5844da8	UARTImage.elf
Finished building: UARTImage.elf.size
 
00:47:59 **** Incremental Build of configuration Debug for project UARTImage ****
make pre-build main-build 
a9-linaro-pre-build-step
 
make: rien à faire pour « main-build ».
00:51:45 **** Auto Build of configuration Debug for project UARTImage ****
make pre-build main-build 
a9-linaro-pre-build-step
 
Building file: ../main.c
Invoking: ARM v7 gcc compiler
arm-none-eabi-gcc -Wall -O0 -g3 -c -fmessage-length=0 -MT"main.o" -mcpu=cortex-a9 -mfpu=vfpv3 -mfloat-abi=hard -I../../freertos10_xilinx_bsp_base/ps7_cortexa9_0/include -MMD -MP -MF"main.d" -MT"main.o" -o "main.o" "../main.c"
../main.c: In function 'main':
../main.c:420:37: error: expected expression before ',' token
   Status = UartSend(UART_DEVICE_ID, , uint8_t* img);
                                     ^
../main.c:420:12: error: too many arguments to function 'UartSend'
   Status = UartSend(UART_DEVICE_ID, , uint8_t* img);
            ^~~~~~~~
../main.c:209:5: note: declared here
 int UartSend(u16 DeviceId);
     ^~~~~~~~
At top level:
../main.c:231:16: warning: 'spi_buffer' defined but not used [-Wunused-variable]
 static uint8_t spi_buffer[SPI_BUFFER_SIZE];
                ^~~~~~~~~~
../main.c:219:35: warning: 'gpio4' defined but not used [-Wunused-variable]
 static XGpio gpio0, gpio1, gpio3, gpio4;
                                   ^~~~~
../main.c:219:28: warning: 'gpio3' defined but not used [-Wunused-variable]
 static XGpio gpio0, gpio1, gpio3, gpio4;
                            ^~~~~
../main.c:219:21: warning: 'gpio1' defined but not used [-Wunused-variable]
 static XGpio gpio0, gpio1, gpio3, gpio4;
                     ^~~~~
make: *** [main.o] Error 1
subdir.mk:27: recipe for target 'main.o' failed
00:52:09 **** Auto Build of configuration Debug for project UARTImage ****
make pre-build main-build 
a9-linaro-pre-build-step
 
Building file: ../main.c
Invoking: ARM v7 gcc compiler
arm-none-eabi-gcc -Wall -O0 -g3 -c -fmessage-length=0 -MT"main.o" -mcpu=cortex-a9 -mfpu=vfpv3 -mfloat-abi=hard -I../../freertos10_xilinx_bsp_base/ps7_cortexa9_0/include -MMD -MP -MF"main.d" -MT"main.o" -o "main.o" "../main.c"
../main.c: In function 'main':
../main.c:420:12: error: too many arguments to function 'UartSend'
   Status = UartSend(UART_DEVICE_ID, (uint8_t*)(&img_buffer0[buffer_offset]));
            ^~~~~~~~
../main.c:209:5: note: declared here
 int UartSend(u16 DeviceId);
     ^~~~~~~~
At top level:
../main.c:231:16: warning: 'spi_buffer' defined but not used [-Wunused-variable]
 static uint8_t spi_buffer[SPI_BUFFER_SIZE];
                ^~~~~~~~~~
../main.c:219:35: warning: 'gpio4' defined but not used [-Wunused-variable]
 static XGpio gpio0, gpio1, gpio3, gpio4;
                                   ^~~~~
../main.c:219:28: warning: 'gpio3' defined but not used [-Wunused-variable]
 static XGpio gpio0, gpio1, gpio3, gpio4;
                            ^~~~~
../main.c:219:21: warning: 'gpio1' defined but not used [-Wunused-variable]
 static XGpio gpio0, gpio1, gpio3, gpio4;
                     ^~~~~
subdir.mk:27: recipe for target 'main.o' failed
make: *** [main.o] Error 1
00:52:35 **** Auto Build of configuration Debug for project UARTImage ****
make pre-build main-build 
a9-linaro-pre-build-step
 
Building file: ../main.c
Invoking: ARM v7 gcc compiler
arm-none-eabi-gcc -Wall -O0 -g3 -c -fmessage-length=0 -MT"main.o" -mcpu=cortex-a9 -mfpu=vfpv3 -mfloat-abi=hard -I../../freertos10_xilinx_bsp_base/ps7_cortexa9_0/include -MMD -MP -MF"main.d" -MT"main.o" -o "main.o" "../main.c"
../main.c:615:5: error: conflicting types for 'UartSend'
 int UartSend(u16 DeviceId)
     ^~~~~~~~
../main.c:209:5: note: previous declaration of 'UartSend' was here
 int UartSend(u16 DeviceId, uint8_t* img);
     ^~~~~~~~
../main.c:231:16: warning: 'spi_buffer' defined but not used [-Wunused-variable]
 static uint8_t spi_buffer[SPI_BUFFER_SIZE];
                ^~~~~~~~~~
../main.c:219:35: warning: 'gpio4' defined but not used [-Wunused-variable]
 static XGpio gpio0, gpio1, gpio3, gpio4;
                                   ^~~~~
../main.c:219:28: warning: 'gpio3' defined but not used [-Wunused-variable]
 static XGpio gpio0, gpio1, gpio3, gpio4;
                            ^~~~~
../main.c:219:21: warning: 'gpio1' defined but not used [-Wunused-variable]
 static XGpio gpio0, gpio1, gpio3, gpio4;
                     ^~~~~
subdir.mk:27: recipe for target 'main.o' failed
make: *** [main.o] Error 1
00:52:52 **** Auto Build of configuration Debug for project UARTImage ****
make pre-build main-build 
a9-linaro-pre-build-step
 
Building file: ../main.c
Invoking: ARM v7 gcc compiler
arm-none-eabi-gcc -Wall -O0 -g3 -c -fmessage-length=0 -MT"main.o" -mcpu=cortex-a9 -mfpu=vfpv3 -mfloat-abi=hard -I../../freertos10_xilinx_bsp_base/ps7_cortexa9_0/include -MMD -MP -MF"main.d" -MT"main.o" -o "main.o" "../main.c"
../main.c:231:16: warning: 'spi_buffer' defined but not used [-Wunused-variable]
 static uint8_t spi_buffer[SPI_BUFFER_SIZE];
                ^~~~~~~~~~
../main.c:219:35: warning: 'gpio4' defined but not used [-Wunused-variable]
 static XGpio gpio0, gpio1, gpio3, gpio4;
                                   ^~~~~
../main.c:219:28: warning: 'gpio3' defined but not used [-Wunused-variable]
 static XGpio gpio0, gpio1, gpio3, gpio4;
                            ^~~~~
../main.c:219:21: warning: 'gpio1' defined but not used [-Wunused-variable]
 static XGpio gpio0, gpio1, gpio3, gpio4;
                     ^~~~~
../main.c: In function 'HDPYX_SETUP_TPG':
../main.c:607:8: warning: 'status' may be used uninitialized in this function [-Wmaybe-uninitialized]
     if (status != XST_SUCCESS) {
        ^
Finished building: ../main.c
 
Building target: UARTImage.elf
Invoking: ARM v7 gcc linker
arm-none-eabi-gcc -mcpu=cortex-a9 -mfpu=vfpv3 -mfloat-abi=hard -Wl,-build-id=none -specs=Xilinx.spec -Wl,-T -Wl,../src/lscript.ld -L../../freertos10_xilinx_bsp_base/ps7_cortexa9_0/lib -o "UARTImage.elf"  ./atise_img.o ./atise_vdma.o ./hdpyx_spi.o ./main.o   -Wl,--start-group,-lxil,-lfreertos,-lgcc,-lc,--end-group -Wl,--start-group,-lxilffs,-lxil,-lgcc,-lc,--end-group
Finished building target: UARTImage.elf
 
Invoking: ARM v7 Print Size
arm-none-eabi-size UARTImage.elf  |tee "UARTImage.elf.size"
   text	   data	    bss	    dec	    hex	filename
 126948	   4100	92425664	92556712	5844da8	UARTImage.elf
Finished building: UARTImage.elf.size
 
00:54:24 **** Incremental Build of configuration Debug for project UARTImage ****
make pre-build main-build 
a9-linaro-pre-build-step
 
make: rien à faire pour « main-build ».
00:56:38 **** Auto Build of configuration Debug for project UARTImage ****
make pre-build main-build 
a9-linaro-pre-build-step
 
Building file: ../main.c
Invoking: ARM v7 gcc compiler
arm-none-eabi-gcc -Wall -O0 -g3 -c -fmessage-length=0 -MT"main.o" -mcpu=cortex-a9 -mfpu=vfpv3 -mfloat-abi=hard -I../../freertos10_xilinx_bsp_base/ps7_cortexa9_0/include -MMD -MP -MF"main.d" -MT"main.o" -o "main.o" "../main.c"
../main.c: In function 'UartSend':
../main.c:633:5: warning: unused variable 'taille' [-Wunused-variable]
  u8 taille = sizeof(HelloWorld);
     ^~~~~~
At top level:
../main.c:231:16: warning: 'spi_buffer' defined but not used [-Wunused-variable]
 static uint8_t spi_buffer[SPI_BUFFER_SIZE];
                ^~~~~~~~~~
../main.c:219:35: warning: 'gpio4' defined but not used [-Wunused-variable]
 static XGpio gpio0, gpio1, gpio3, gpio4;
                                   ^~~~~
../main.c:219:28: warning: 'gpio3' defined but not used [-Wunused-variable]
 static XGpio gpio0, gpio1, gpio3, gpio4;
                            ^~~~~
../main.c:219:21: warning: 'gpio1' defined but not used [-Wunused-variable]
 static XGpio gpio0, gpio1, gpio3, gpio4;
                     ^~~~~
../main.c: In function 'HDPYX_SETUP_TPG':
../main.c:607:8: warning: 'status' may be used uninitialized in this function [-Wmaybe-uninitialized]
     if (status != XST_SUCCESS) {
        ^
Finished building: ../main.c
 
Building target: UARTImage.elf
Invoking: ARM v7 gcc linker
arm-none-eabi-gcc -mcpu=cortex-a9 -mfpu=vfpv3 -mfloat-abi=hard -Wl,-build-id=none -specs=Xilinx.spec -Wl,-T -Wl,../src/lscript.ld -L../../freertos10_xilinx_bsp_base/ps7_cortexa9_0/lib -o "UARTImage.elf"  ./atise_img.o ./atise_vdma.o ./hdpyx_spi.o ./main.o   -Wl,--start-group,-lxil,-lfreertos,-lgcc,-lc,--end-group -Wl,--start-group,-lxilffs,-lxil,-lgcc,-lc,--end-group
Finished building target: UARTImage.elf
 
Invoking: ARM v7 Print Size
arm-none-eabi-size UARTImage.elf  |tee "UARTImage.elf.size"
   text	   data	    bss	    dec	    hex	filename
 127012	   4100	92425664	92556776	5844de8	UARTImage.elf
Finished building: UARTImage.elf.size
 
00:56:45 **** Auto Build of configuration Debug for project UARTImage ****
make pre-build main-build 
a9-linaro-pre-build-step
 
Building file: ../main.c
Invoking: ARM v7 gcc compiler
arm-none-eabi-gcc -Wall -O0 -g3 -c -fmessage-length=0 -MT"main.o" -mcpu=cortex-a9 -mfpu=vfpv3 -mfloat-abi=hard -I../../freertos10_xilinx_bsp_base/ps7_cortexa9_0/include -MMD -MP -MF"main.d" -MT"main.o" -o "main.o" "../main.c"
../main.c:231:16: warning: 'spi_buffer' defined but not used [-Wunused-variable]
 static uint8_t spi_buffer[SPI_BUFFER_SIZE];
                ^~~~~~~~~~
../main.c:219:35: warning: 'gpio4' defined but not used [-Wunused-variable]
 static XGpio gpio0, gpio1, gpio3, gpio4;
                                   ^~~~~
../main.c:219:28: warning: 'gpio3' defined but not used [-Wunused-variable]
 static XGpio gpio0, gpio1, gpio3, gpio4;
                            ^~~~~
../main.c:219:21: warning: 'gpio1' defined but not used [-Wunused-variable]
 static XGpio gpio0, gpio1, gpio3, gpio4;
                     ^~~~~
../main.c: In function 'HDPYX_SETUP_TPG':
../main.c:607:8: warning: 'status' may be used uninitialized in this function [-Wmaybe-uninitialized]
     if (status != XST_SUCCESS) {
        ^
Finished building: ../main.c
 
Building target: UARTImage.elf
Invoking: ARM v7 gcc linker
arm-none-eabi-gcc -mcpu=cortex-a9 -mfpu=vfpv3 -mfloat-abi=hard -Wl,-build-id=none -specs=Xilinx.spec -Wl,-T -Wl,../src/lscript.ld -L../../freertos10_xilinx_bsp_base/ps7_cortexa9_0/lib -o "UARTImage.elf"  ./atise_img.o ./atise_vdma.o ./hdpyx_spi.o ./main.o   -Wl,--start-group,-lxil,-lfreertos,-lgcc,-lc,--end-group -Wl,--start-group,-lxilffs,-lxil,-lgcc,-lc,--end-group
Finished building target: UARTImage.elf
 
Invoking: ARM v7 Print Size
arm-none-eabi-size UARTImage.elf  |tee "UARTImage.elf.size"
   text	   data	    bss	    dec	    hex	filename
 127012	   4100	92425664	92556776	5844de8	UARTImage.elf
Finished building: UARTImage.elf.size
 
00:56:55 **** Auto Build of configuration Debug for project UARTImage ****
make pre-build main-build 
a9-linaro-pre-build-step
 
Building file: ../main.c
Invoking: ARM v7 gcc compiler
arm-none-eabi-gcc -Wall -O0 -g3 -c -fmessage-length=0 -MT"main.o" -mcpu=cortex-a9 -mfpu=vfpv3 -mfloat-abi=hard -I../../freertos10_xilinx_bsp_base/ps7_cortexa9_0/include -MMD -MP -MF"main.d" -MT"main.o" -o "main.o" "../main.c"
../main.c:231:16: warning: 'spi_buffer' defined but not used [-Wunused-variable]
 static uint8_t spi_buffer[SPI_BUFFER_SIZE];
                ^~~~~~~~~~
../main.c:219:35: warning: 'gpio4' defined but not used [-Wunused-variable]
 static XGpio gpio0, gpio1, gpio3, gpio4;
                                   ^~~~~
../main.c:219:28: warning: 'gpio3' defined but not used [-Wunused-variable]
 static XGpio gpio0, gpio1, gpio3, gpio4;
                            ^~~~~
../main.c:219:21: warning: 'gpio1' defined but not used [-Wunused-variable]
 static XGpio gpio0, gpio1, gpio3, gpio4;
                     ^~~~~
../main.c: In function 'HDPYX_SETUP_TPG':
../main.c:607:8: warning: 'status' may be used uninitialized in this function [-Wmaybe-uninitialized]
     if (status != XST_SUCCESS) {
        ^
Finished building: ../main.c
 
Building target: UARTImage.elf
Invoking: ARM v7 gcc linker
arm-none-eabi-gcc -mcpu=cortex-a9 -mfpu=vfpv3 -mfloat-abi=hard -Wl,-build-id=none -specs=Xilinx.spec -Wl,-T -Wl,../src/lscript.ld -L../../freertos10_xilinx_bsp_base/ps7_cortexa9_0/lib -o "UARTImage.elf"  ./atise_img.o ./atise_vdma.o ./hdpyx_spi.o ./main.o   -Wl,--start-group,-lxil,-lfreertos,-lgcc,-lc,--end-group -Wl,--start-group,-lxilffs,-lxil,-lgcc,-lc,--end-group
Finished building target: UARTImage.elf
 
Invoking: ARM v7 Print Size
arm-none-eabi-size UARTImage.elf  |tee "UARTImage.elf.size"
   text	   data	    bss	    dec	    hex	filename
 127012	   4100	92425664	92556776	5844de8	UARTImage.elf
Finished building: UARTImage.elf.size
 
00:57:13 **** Auto Build of configuration Debug for project UARTImage ****
make pre-build main-build 
a9-linaro-pre-build-step
 
Building file: ../main.c
Invoking: ARM v7 gcc compiler
arm-none-eabi-gcc -Wall -O0 -g3 -c -fmessage-length=0 -MT"main.o" -mcpu=cortex-a9 -mfpu=vfpv3 -mfloat-abi=hard -I../../freertos10_xilinx_bsp_base/ps7_cortexa9_0/include -MMD -MP -MF"main.d" -MT"main.o" -o "main.o" "../main.c"
../main.c: In function 'UartSend':
../main.c:617:5: warning: unused variable 'HelloWorld' [-Wunused-variable]
  u8 HelloWorld[] = "Hello World";
     ^~~~~~~~~~
At top level:
../main.c:231:16: warning: 'spi_buffer' defined but not used [-Wunused-variable]
 static uint8_t spi_buffer[SPI_BUFFER_SIZE];
                ^~~~~~~~~~
../main.c:219:35: warning: 'gpio4' defined but not used [-Wunused-variable]
 static XGpio gpio0, gpio1, gpio3, gpio4;
                                   ^~~~~
../main.c:219:28: warning: 'gpio3' defined but not used [-Wunused-variable]
 static XGpio gpio0, gpio1, gpio3, gpio4;
                            ^~~~~
../main.c:219:21: warning: 'gpio1' defined but not used [-Wunused-variable]
 static XGpio gpio0, gpio1, gpio3, gpio4;
                     ^~~~~
../main.c: In function 'HDPYX_SETUP_TPG':
../main.c:607:8: warning: 'status' may be used uninitialized in this function [-Wmaybe-uninitialized]
     if (status != XST_SUCCESS) {
        ^
Finished building: ../main.c
 
Building target: UARTImage.elf
Invoking: ARM v7 gcc linker
arm-none-eabi-gcc -mcpu=cortex-a9 -mfpu=vfpv3 -mfloat-abi=hard -Wl,-build-id=none -specs=Xilinx.spec -Wl,-T -Wl,../src/lscript.ld -L../../freertos10_xilinx_bsp_base/ps7_cortexa9_0/lib -o "UARTImage.elf"  ./atise_img.o ./atise_vdma.o ./hdpyx_spi.o ./main.o   -Wl,--start-group,-lxil,-lfreertos,-lgcc,-lc,--end-group -Wl,--start-group,-lxilffs,-lxil,-lgcc,-lc,--end-group
Finished building target: UARTImage.elf
 
Invoking: ARM v7 Print Size
arm-none-eabi-size UARTImage.elf  |tee "UARTImage.elf.size"
   text	   data	    bss	    dec	    hex	filename
 126948	   4100	92425664	92556712	5844da8	UARTImage.elf
Finished building: UARTImage.elf.size
 
00:58:36 **** Auto Build of configuration Debug for project UARTImage ****
make pre-build main-build 
a9-linaro-pre-build-step
 
Building file: ../main.c
Invoking: ARM v7 gcc compiler
arm-none-eabi-gcc -Wall -O0 -g3 -c -fmessage-length=0 -MT"main.o" -mcpu=cortex-a9 -mfpu=vfpv3 -mfloat-abi=hard -I../../freertos10_xilinx_bsp_base/ps7_cortexa9_0/include -MMD -MP -MF"main.d" -MT"main.o" -o "main.o" "../main.c"
../main.c: In function 'UartSend':
../main.c:634:22: error: 'width' undeclared (first use in this function)
  uint32_t img_size = width * height * 2;
                      ^~~~~
../main.c:634:22: note: each undeclared identifier is reported only once for each function it appears in
../main.c:634:30: error: 'height' undeclared (first use in this function)
  uint32_t img_size = width * height * 2;
                              ^~~~~~
../main.c:635:25: error: 'taille' undeclared (first use in this function)
  XUartPs_Send(&Uart_Ps,&taille, 1);
                         ^~~~~~
../main.c:634:11: warning: unused variable 'img_size' [-Wunused-variable]
  uint32_t img_size = width * height * 2;
           ^~~~~~~~
../main.c:617:5: warning: unused variable 'HelloWorld' [-Wunused-variable]
  u8 HelloWorld[] = "Hello World";
     ^~~~~~~~~~
At top level:
../main.c:231:16: warning: 'spi_buffer' defined but not used [-Wunused-variable]
 static uint8_t spi_buffer[SPI_BUFFER_SIZE];
                ^~~~~~~~~~
../main.c:219:35: warning: 'gpio4' defined but not used [-Wunused-variable]
 static XGpio gpio0, gpio1, gpio3, gpio4;
                                   ^~~~~
../main.c:219:28: warning: 'gpio3' defined but not used [-Wunused-variable]
 static XGpio gpio0, gpio1, gpio3, gpio4;
                            ^~~~~
../main.c:219:21: warning: 'gpio1' defined but not used [-Wunused-variable]
 static XGpio gpio0, gpio1, gpio3, gpio4;
                     ^~~~~
make: *** [main.o] Error 1
subdir.mk:27: recipe for target 'main.o' failed
00:58:44 **** Auto Build of configuration Debug for project UARTImage ****
make pre-build main-build 
a9-linaro-pre-build-step
 
Building file: ../main.c
Invoking: ARM v7 gcc compiler
arm-none-eabi-gcc -Wall -O0 -g3 -c -fmessage-length=0 -MT"main.o" -mcpu=cortex-a9 -mfpu=vfpv3 -mfloat-abi=hard -I../../freertos10_xilinx_bsp_base/ps7_cortexa9_0/include -MMD -MP -MF"main.d" -MT"main.o" -o "main.o" "../main.c"
../main.c: In function 'UartSend':
../main.c:634:22: error: 'width' undeclared (first use in this function)
  uint32_t img_size = width * height * 2;
                      ^~~~~
../main.c:634:22: note: each undeclared identifier is reported only once for each function it appears in
../main.c:634:30: error: 'height' undeclared (first use in this function)
  uint32_t img_size = width * height * 2;
                              ^~~~~~
../main.c:635:24: warning: passing argument 2 of 'XUartPs_Send' from incompatible pointer type [-Wincompatible-pointer-types]
  XUartPs_Send(&Uart_Ps,&img_size, 1);
                        ^~~~~~~~~
In file included from ../main.c:52:
../../freertos10_xilinx_bsp_base/ps7_cortexa9_0/include/xuartps.h:462:43: note: expected 'u8 *' {aka 'unsigned char *'} but argument is of type 'uint32_t *' {aka 'long unsigned int *'}
 u32 XUartPs_Send(XUartPs *InstancePtr,u8 *BufferPtr,
                                       ~~~~^~~~~~~~~
../main.c:617:5: warning: unused variable 'HelloWorld' [-Wunused-variable]
  u8 HelloWorld[] = "Hello World";
     ^~~~~~~~~~
At top level:
../main.c:231:16: warning: 'spi_buffer' defined but not used [-Wunused-variable]
 static uint8_t spi_buffer[SPI_BUFFER_SIZE];
                ^~~~~~~~~~
../main.c:219:35: warning: 'gpio4' defined but not used [-Wunused-variable]
 static XGpio gpio0, gpio1, gpio3, gpio4;
                                   ^~~~~
../main.c:219:28: warning: 'gpio3' defined but not used [-Wunused-variable]
 static XGpio gpio0, gpio1, gpio3, gpio4;
                            ^~~~~
../main.c:219:21: warning: 'gpio1' defined but not used [-Wunused-variable]
 static XGpio gpio0, gpio1, gpio3, gpio4;
                     ^~~~~
subdir.mk:27: recipe for target 'main.o' failed
make: *** [main.o] Error 1
00:59:04 **** Auto Build of configuration Debug for project UARTImage ****
make pre-build main-build 
a9-linaro-pre-build-step
 
Building file: ../main.c
Invoking: ARM v7 gcc compiler
arm-none-eabi-gcc -Wall -O0 -g3 -c -fmessage-length=0 -MT"main.o" -mcpu=cortex-a9 -mfpu=vfpv3 -mfloat-abi=hard -I../../freertos10_xilinx_bsp_base/ps7_cortexa9_0/include -MMD -MP -MF"main.d" -MT"main.o" -o "main.o" "../main.c"
../main.c:615:5: error: conflicting types for 'UartSend'
 int UartSend(u16 DeviceId, uint8_t* img, uint32_t width, uint32_t height)
     ^~~~~~~~
../main.c:209:5: note: previous declaration of 'UartSend' was here
 int UartSend(u16 DeviceId, uint8_t* img);
     ^~~~~~~~
../main.c: In function 'UartSend':
../main.c:635:24: warning: passing argument 2 of 'XUartPs_Send' from incompatible pointer type [-Wincompatible-pointer-types]
  XUartPs_Send(&Uart_Ps,&img_size, 1);
                        ^~~~~~~~~
In file included from ../main.c:52:
../../freertos10_xilinx_bsp_base/ps7_cortexa9_0/include/xuartps.h:462:43: note: expected 'u8 *' {aka 'unsigned char *'} but argument is of type 'uint32_t *' {aka 'long unsigned int *'}
 u32 XUartPs_Send(XUartPs *InstancePtr,u8 *BufferPtr,
                                       ~~~~^~~~~~~~~
../main.c:617:5: warning: unused variable 'HelloWorld' [-Wunused-variable]
  u8 HelloWorld[] = "Hello World";
     ^~~~~~~~~~
At top level:
../main.c:231:16: warning: 'spi_buffer' defined but not used [-Wunused-variable]
 static uint8_t spi_buffer[SPI_BUFFER_SIZE];
                ^~~~~~~~~~
../main.c:219:35: warning: 'gpio4' defined but not used [-Wunused-variable]
 static XGpio gpio0, gpio1, gpio3, gpio4;
                                   ^~~~~
../main.c:219:28: warning: 'gpio3' defined but not used [-Wunused-variable]
 static XGpio gpio0, gpio1, gpio3, gpio4;
                            ^~~~~
../main.c:219:21: warning: 'gpio1' defined but not used [-Wunused-variable]
 static XGpio gpio0, gpio1, gpio3, gpio4;
                     ^~~~~
make: *** [main.o] Error 1
subdir.mk:27: recipe for target 'main.o' failed
00:59:17 **** Auto Build of configuration Debug for project UARTImage ****
make pre-build main-build 
a9-linaro-pre-build-step
 
Building file: ../main.c
Invoking: ARM v7 gcc compiler
arm-none-eabi-gcc -Wall -O0 -g3 -c -fmessage-length=0 -MT"main.o" -mcpu=cortex-a9 -mfpu=vfpv3 -mfloat-abi=hard -I../../freertos10_xilinx_bsp_base/ps7_cortexa9_0/include -MMD -MP -MF"main.d" -MT"main.o" -o "main.o" "../main.c"
../main.c: In function 'main':
../main.c:420:12: error: too few arguments to function 'UartSend'
   Status = UartSend(UART_DEVICE_ID, (uint8_t*)(&img_buffer0[buffer_offset]));
            ^~~~~~~~
../main.c:209:5: note: declared here
 int UartSend(u16 DeviceId, uint8_t* img, uint32_t width, uint32_t height);
     ^~~~~~~~
../main.c: In function 'UartSend':
../main.c:635:24: warning: passing argument 2 of 'XUartPs_Send' from incompatible pointer type [-Wincompatible-pointer-types]
  XUartPs_Send(&Uart_Ps,&img_size, 1);
                        ^~~~~~~~~
In file included from ../main.c:52:
../../freertos10_xilinx_bsp_base/ps7_cortexa9_0/include/xuartps.h:462:43: note: expected 'u8 *' {aka 'unsigned char *'} but argument is of type 'uint32_t *' {aka 'long unsigned int *'}
 u32 XUartPs_Send(XUartPs *InstancePtr,u8 *BufferPtr,
                                       ~~~~^~~~~~~~~
../main.c:617:5: warning: unused variable 'HelloWorld' [-Wunused-variable]
  u8 HelloWorld[] = "Hello World";
     ^~~~~~~~~~
At top level:
../main.c:231:16: warning: 'spi_buffer' defined but not used [-Wunused-variable]
 static uint8_t spi_buffer[SPI_BUFFER_SIZE];
                ^~~~~~~~~~
../main.c:219:35: warning: 'gpio4' defined but not used [-Wunused-variable]
 static XGpio gpio0, gpio1, gpio3, gpio4;
                                   ^~~~~
../main.c:219:28: warning: 'gpio3' defined but not used [-Wunused-variable]
 static XGpio gpio0, gpio1, gpio3, gpio4;
                            ^~~~~
../main.c:219:21: warning: 'gpio1' defined but not used [-Wunused-variable]
 static XGpio gpio0, gpio1, gpio3, gpio4;
                     ^~~~~
make: *** [main.o] Error 1
subdir.mk:27: recipe for target 'main.o' failed
00:59:41 **** Auto Build of configuration Debug for project UARTImage ****
make pre-build main-build 
a9-linaro-pre-build-step
 
[...]
  XUartPs_Send(&Uart_Ps, &signature, 2);
                         ^~~~~~~~~~
In file included from ../main.c:52:
../../freertos10_xilinx_bsp_base/ps7_cortexa9_0/include/xuartps.h:462:43: note: expected 'u8 *' {aka 'unsigned char *'} but argument is of type 'uint16_t *' {aka 'short unsigned int *'}
 u32 XUartPs_Send(XUartPs *InstancePtr,u8 *BufferPtr,
                                       ~~~~^~~~~~~~~
../main.c:649:25: warning: pointer targets in passing argument 2 of 'XUartPs_Send' differ in signedness [-Wpointer-sign]
  XUartPs_Send(&Uart_Ps, str_width, len);
                         ^~~~~~~~~
In file included from ../main.c:52:
../../freertos10_xilinx_bsp_base/ps7_cortexa9_0/include/xuartps.h:462:5: note: expected 'u8 *' {aka 'unsigned char *'} but argument is of type 'char *'
 u32 XUartPs_Send(XUartPs *InstancePtr,u8 *BufferPtr,
     ^~~~~~~~~~~~
../main.c:652:25: warning: pointer targets in passing argument 2 of 'XUartPs_Send' differ in signedness [-Wpointer-sign]
  XUartPs_Send(&Uart_Ps, str_height, len);
                         ^~~~~~~~~~
In file included from ../main.c:52:
../../freertos10_xilinx_bsp_base/ps7_cortexa9_0/include/xuartps.h:462:5: note: expected 'u8 *' {aka 'unsigned char *'} but argument is of type 'char *'
 u32 XUartPs_Send(XUartPs *InstancePtr,u8 *BufferPtr,
     ^~~~~~~~~~~~
../main.c:659:25: warning: passing argument 2 of 'XUartPs_Send' from incompatible pointer type [-Wincompatible-pointer-types]
  XUartPs_Send(&Uart_Ps, &end, 5);
                         ^~~~
In file included from ../main.c:52:
../../freertos10_xilinx_bsp_base/ps7_cortexa9_0/include/xuartps.h:462:43: note: expected 'u8 *' {aka 'unsigned char *'} but argument is of type 'uint64_t *' {aka 'long long unsigned int *'}
 u32 XUartPs_Send(XUartPs *InstancePtr,u8 *BufferPtr,
                                       ~~~~^~~~~~~~~
../main.c:663:29: error: 'HelloWorld' undeclared (first use in this function)
  while (SentCount < (sizeof(HelloWorld))) {
                             ^~~~~~~~~~
../main.c:663:29: note: each undeclared identifier is reported only once for each function it appears in
subdir.mk:27: recipe for target 'main.o' failed
../main.c:634:11: warning: unused variable 'img_size' [-Wunused-variable]
  uint32_t img_size = width * height * 2; // FMa Modification >> 16-bit (x2 bytes)
           ^~~~~~~~
At top level:
../main.c:231:16: warning: 'spi_buffer' defined but not used [-Wunused-variable]
 static uint8_t spi_buffer[SPI_BUFFER_SIZE];
                ^~~~~~~~~~
../main.c:219:35: warning: 'gpio4' defined but not used [-Wunused-variable]
 static XGpio gpio0, gpio1, gpio3, gpio4;
                                   ^~~~~
../main.c:219:28: warning: 'gpio3' defined but not used [-Wunused-variable]
 static XGpio gpio0, gpio1, gpio3, gpio4;
                            ^~~~~
../main.c:219:21: warning: 'gpio1' defined but not used [-Wunused-variable]
 static XGpio gpio0, gpio1, gpio3, gpio4;
                     ^~~~~
make: *** [main.o] Error 1
01:39:33 **** Auto Build of configuration Debug for project UARTImage ****
make pre-build main-build 
a9-linaro-pre-build-step
 
Building file: ../main.c
Invoking: ARM v7 gcc compiler
arm-none-eabi-gcc -Wall -O0 -g3 -c -fmessage-length=0 -MT"main.o" -mcpu=cortex-a9 -mfpu=vfpv3 -mfloat-abi=hard -I../../freertos10_xilinx_bsp_base/ps7_cortexa9_0/include -MMD -MP -MF"main.d" -MT"main.o" -o "main.o" "../main.c"
../main.c: In function 'UartSend':
../main.c:644:25: warning: passing argument 2 of 'XUartPs_Send' from incompatible pointer type [-Wincompatible-pointer-types]
  XUartPs_Send(&Uart_Ps, &signature, 2);
                         ^~~~~~~~~~
In file included from ../main.c:52:
../../freertos10_xilinx_bsp_base/ps7_cortexa9_0/include/xuartps.h:462:43: note: expected 'u8 *' {aka 'unsigned char *'} but argument is of type 'uint16_t *' {aka 'short unsigned int *'}
 u32 XUartPs_Send(XUartPs *InstancePtr,u8 *BufferPtr,
                                       ~~~~^~~~~~~~~
../main.c:649:25: warning: pointer targets in passing argument 2 of 'XUartPs_Send' differ in signedness [-Wpointer-sign]
  XUartPs_Send(&Uart_Ps, str_width, len);
                         ^~~~~~~~~
In file included from ../main.c:52:
../../freertos10_xilinx_bsp_base/ps7_cortexa9_0/include/xuartps.h:462:5: note: expected 'u8 *' {aka 'unsigned char *'} but argument is of type 'char *'
 u32 XUartPs_Send(XUartPs *InstancePtr,u8 *BufferPtr,
     ^~~~~~~~~~~~
../main.c:652:25: warning: pointer targets in passing argument 2 of 'XUartPs_Send' differ in signedness [-Wpointer-sign]
  XUartPs_Send(&Uart_Ps, str_height, len);
                         ^~~~~~~~~~
In file included from ../main.c:52:
../../freertos10_xilinx_bsp_base/ps7_cortexa9_0/include/xuartps.h:462:5: note: expected 'u8 *' {aka 'unsigned char *'} but argument is of type 'char *'
 u32 XUartPs_Send(XUartPs *InstancePtr,u8 *BufferPtr,
     ^~~~~~~~~~~~
../main.c:659:25: warning: passing argument 2 of 'XUartPs_Send' from incompatible pointer type [-Wincompatible-pointer-types]
  XUartPs_Send(&Uart_Ps, &end, 5);
                         ^~~~
In file included from ../main.c:52:
../../freertos10_xilinx_bsp_base/ps7_cortexa9_0/include/xuartps.h:462:43: note: expected 'u8 *' {aka 'unsigned char *'} but argument is of type 'uint64_t *' {aka 'long long unsigned int *'}
 u32 XUartPs_Send(XUartPs *InstancePtr,u8 *BufferPtr,
                                       ~~~~^~~~~~~~~
../main.c:663:29: error: 'HelloWorld' undeclared (first use in this function)
  while (SentCount < (sizeof(HelloWorld))) {
subdir.mk:27: recipe for target 'main.o' failed
                             ^~~~~~~~~~
../main.c:663:29: note: each undeclared identifier is reported only once for each function it appears in
../main.c:665:25: warning: passing argument 2 of 'XUartPs_Send' from incompatible pointer type [-Wincompatible-pointer-types]
   XUartPs_Send(&Uart_Ps,&img, 1);
                         ^~~~
In file included from ../main.c:52:
../../freertos10_xilinx_bsp_base/ps7_cortexa9_0/include/xuartps.h:462:43: note: expected 'u8 *' {aka 'unsigned char *'} but argument is of type 'uint8_t **' {aka 'unsigned char **'}
 u32 XUartPs_Send(XUartPs *InstancePtr,u8 *BufferPtr,
                                       ~~~~^~~~~~~~~
../main.c:634:11: warning: unused variable 'img_size' [-Wunused-variable]
  uint32_t img_size = width * height * 2; // FMa Modification >> 16-bit (x2 bytes)
           ^~~~~~~~
At top level:
../main.c:231:16: warning: 'spi_buffer' defined but not used [-Wunused-variable]
 static uint8_t spi_buffer[SPI_BUFFER_SIZE];
                ^~~~~~~~~~
../main.c:219:35: warning: 'gpio4' defined but not used [-Wunused-variable]
 static XGpio gpio0, gpio1, gpio3, gpio4;
                                   ^~~~~
../main.c:219:28: warning: 'gpio3' defined but not used [-Wunused-variable]
 static XGpio gpio0, gpio1, gpio3, gpio4;
                            ^~~~~
../main.c:219:21: warning: 'gpio1' defined but not used [-Wunused-variable]
 static XGpio gpio0, gpio1, gpio3, gpio4;
                     ^~~~~
make: *** [main.o] Error 1
01:39:44 **** Auto Build of configuration Debug for project UARTImage ****
make pre-build main-build 
a9-linaro-pre-build-step
 
Building file: ../main.c
Invoking: ARM v7 gcc compiler
arm-none-eabi-gcc -Wall -O0 -g3 -c -fmessage-length=0 -MT"main.o" -mcpu=cortex-a9 -mfpu=vfpv3 -mfloat-abi=hard -I../../freertos10_xilinx_bsp_base/ps7_cortexa9_0/include -MMD -MP -MF"main.d" -MT"main.o" -o "main.o" "../main.c"
../main.c: In function 'UartSend':
../main.c:644:25: warning: passing argument 2 of 'XUartPs_Send' from incompatible pointer type [-Wincompatible-pointer-types]
  XUartPs_Send(&Uart_Ps, &signature, 2);
                         ^~~~~~~~~~
In file included from ../main.c:52:
../../freertos10_xilinx_bsp_base/ps7_cortexa9_0/include/xuartps.h:462:43: note: expected 'u8 *' {aka 'unsigned char *'} but argument is of type 'uint16_t *' {aka 'short unsigned int *'}
 u32 XUartPs_Send(XUartPs *InstancePtr,u8 *BufferPtr,
                                       ~~~~^~~~~~~~~
../main.c:649:25: warning: pointer targets in passing argument 2 of 'XUartPs_Send' differ in signedness [-Wpointer-sign]
  XUartPs_Send(&Uart_Ps, str_width, len);
                         ^~~~~~~~~
In file included from ../main.c:52:
../../freertos10_xilinx_bsp_base/ps7_cortexa9_0/include/xuartps.h:462:5: note: expected 'u8 *' {aka 'unsigned char *'} but argument is of type 'char *'
 u32 XUartPs_Send(XUartPs *InstancePtr,u8 *BufferPtr,
     ^~~~~~~~~~~~
../main.c:652:25: warning: pointer targets in passing argument 2 of 'XUartPs_Send' differ in signedness [-Wpointer-sign]
  XUartPs_Send(&Uart_Ps, str_height, len);
                         ^~~~~~~~~~
In file included from ../main.c:52:
../../freertos10_xilinx_bsp_base/ps7_cortexa9_0/include/xuartps.h:462:5: note: expected 'u8 *' {aka 'unsigned char *'} but argument is of type 'char *'
 u32 XUartPs_Send(XUartPs *InstancePtr,u8 *BufferPtr,
     ^~~~~~~~~~~~
../main.c:659:25: warning: passing argument 2 of 'XUartPs_Send' from incompatible pointer type [-Wincompatible-pointer-types]
  XUartPs_Send(&Uart_Ps, &end, 5);
                         ^~~~
In file included from ../main.c:52:
../../freertos10_xilinx_bsp_base/ps7_cortexa9_0/include/xuartps.h:462:43: note: expected 'u8 *' {aka 'unsigned char *'} but argument is of type 'uint64_t *' {aka 'long long unsigned int *'}
 u32 XUartPs_Send(XUartPs *InstancePtr,u8 *BufferPtr,
                                       ~~~~^~~~~~~~~
../main.c:663:21: error: expected expression before ')' token
  while (SentCount < ) {
                     ^
../main.c:665:25: warning: passing argument 2 of 'XUartPs_Send' from incompatible pointer type [-Wincompatible-pointer-types]
subdir.mk:27: recipe for target 'main.o' failed
   XUartPs_Send(&Uart_Ps,&img, 1);
                         ^~~~
In file included from ../main.c:52:
../../freertos10_xilinx_bsp_base/ps7_cortexa9_0/include/xuartps.h:462:43: note: expected 'u8 *' {aka 'unsigned char *'} but argument is of type 'uint8_t **' {aka 'unsigned char **'}
 u32 XUartPs_Send(XUartPs *InstancePtr,u8 *BufferPtr,
                                       ~~~~^~~~~~~~~
../main.c:634:11: warning: unused variable 'img_size' [-Wunused-variable]
  uint32_t img_size = width * height * 2; // FMa Modification >> 16-bit (x2 bytes)
           ^~~~~~~~
At top level:
../main.c:231:16: warning: 'spi_buffer' defined but not used [-Wunused-variable]
 static uint8_t spi_buffer[SPI_BUFFER_SIZE];
                ^~~~~~~~~~
../main.c:219:35: warning: 'gpio4' defined but not used [-Wunused-variable]
 static XGpio gpio0, gpio1, gpio3, gpio4;
                                   ^~~~~
../main.c:219:28: warning: 'gpio3' defined but not used [-Wunused-variable]
 static XGpio gpio0, gpio1, gpio3, gpio4;
                            ^~~~~
../main.c:219:21: warning: 'gpio1' defined but not used [-Wunused-variable]
 static XGpio gpio0, gpio1, gpio3, gpio4;
                     ^~~~~
make: *** [main.o] Error 1
01:39:55 **** Auto Build of configuration Debug for project UARTImage ****
make pre-build main-build 
a9-linaro-pre-build-step
 
Building file: ../main.c
Invoking: ARM v7 gcc compiler
arm-none-eabi-gcc -Wall -O0 -g3 -c -fmessage-length=0 -MT"main.o" -mcpu=cortex-a9 -mfpu=vfpv3 -mfloat-abi=hard -I../../freertos10_xilinx_bsp_base/ps7_cortexa9_0/include -MMD -MP -MF"main.d" -MT"main.o" -o "main.o" "../main.c"
../main.c: In function 'UartSend':
../main.c:644:25: warning: passing argument 2 of 'XUartPs_Send' from incompatible pointer type [-Wincompatible-pointer-types]
  XUartPs_Send(&Uart_Ps, &signature, 2);
                         ^~~~~~~~~~
In file included from ../main.c:52:
../../freertos10_xilinx_bsp_base/ps7_cortexa9_0/include/xuartps.h:462:43: note: expected 'u8 *' {aka 'unsigned char *'} but argument is of type 'uint16_t *' {aka 'short unsigned int *'}
 u32 XUartPs_Send(XUartPs *InstancePtr,u8 *BufferPtr,
                                       ~~~~^~~~~~~~~
../main.c:649:25: warning: pointer targets in passing argument 2 of 'XUartPs_Send' differ in signedness [-Wpointer-sign]
  XUartPs_Send(&Uart_Ps, str_width, len);
                         ^~~~~~~~~
In file included from ../main.c:52:
../../freertos10_xilinx_bsp_base/ps7_cortexa9_0/include/xuartps.h:462:5: note: expected 'u8 *' {aka 'unsigned char *'} but argument is of type 'char *'
 u32 XUartPs_Send(XUartPs *InstancePtr,u8 *BufferPtr,
     ^~~~~~~~~~~~
../main.c:652:25: warning: pointer targets in passing argument 2 of 'XUartPs_Send' differ in signedness [-Wpointer-sign]
  XUartPs_Send(&Uart_Ps, str_height, len);
                         ^~~~~~~~~~
In file included from ../main.c:52:
../../freertos10_xilinx_bsp_base/ps7_cortexa9_0/include/xuartps.h:462:5: note: expected 'u8 *' {aka 'unsigned char *'} but argument is of type 'char *'
 u32 XUartPs_Send(XUartPs *InstancePtr,u8 *BufferPtr,
     ^~~~~~~~~~~~
../main.c:659:25: warning: passing argument 2 of 'XUartPs_Send' from incompatible pointer type [-Wincompatible-pointer-types]
  XUartPs_Send(&Uart_Ps, &end, 5);
                         ^~~~
In file included from ../main.c:52:
../../freertos10_xilinx_bsp_base/ps7_cortexa9_0/include/xuartps.h:462:43: note: expected 'u8 *' {aka 'unsigned char *'} but argument is of type 'uint64_t *' {aka 'long long unsigned int *'}
 u32 XUartPs_Send(XUartPs *InstancePtr,u8 *BufferPtr,
                                       ~~~~^~~~~~~~~
../main.c:665:25: warning: passing argument 2 of 'XUartPs_Send' from incompatible pointer type [-Wincompatible-pointer-types]
   XUartPs_Send(&Uart_Ps,&img, 1);
                         ^~~~
In file included from ../main.c:52:
../../freertos10_xilinx_bsp_base/ps7_cortexa9_0/include/xuartps.h:462:43: note: expected 'u8 *' {aka 'unsigned char *'} but argument is of type 'uint8_t **' {aka 'unsigned char **'}
 u32 XUartPs_Send(XUartPs *InstancePtr,u8 *BufferPtr,
                                       ~~~~^~~~~~~~~
At top level:
../main.c:231:16: warning: 'spi_buffer' defined but not used [-Wunused-variable]
 static uint8_t spi_buffer[SPI_BUFFER_SIZE];
                ^~~~~~~~~~
../main.c:219:35: warning: 'gpio4' defined but not used [-Wunused-variable]
 static XGpio gpio0, gpio1, gpio3, gpio4;
                                   ^~~~~
../main.c:219:28: warning: 'gpio3' defined but not used [-Wunused-variable]
 static XGpio gpio0, gpio1, gpio3, gpio4;
                            ^~~~~
../main.c:219:21: warning: 'gpio1' defined but not used [-Wunused-variable]
 static XGpio gpio0, gpio1, gpio3, gpio4;
                     ^~~~~
../main.c: In function 'HDPYX_SETUP_TPG':
../main.c:608:8: warning: 'status' may be used uninitialized in this function [-Wmaybe-uninitialized]
     if (status != XST_SUCCESS) {
        ^
Finished building: ../main.c
 
Building target: UARTImage.elf
Invoking: ARM v7 gcc linker
arm-none-eabi-gcc -mcpu=cortex-a9 -mfpu=vfpv3 -mfloat-abi=hard -Wl,-build-id=none -specs=Xilinx.spec -Wl,-T -Wl,../src/lscript.ld -L../../freertos10_xilinx_bsp_base/ps7_cortexa9_0/lib -o "UARTImage.elf"  ./atise_img.o ./atise_vdma.o ./hdpyx_spi.o ./main.o   -Wl,--start-group,-lxil,-lfreertos,-lgcc,-lc,--end-group -Wl,--start-group,-lxilffs,-lxil,-lgcc,-lc,--end-group
Finished building target: UARTImage.elf
 
Invoking: ARM v7 Print Size
arm-none-eabi-size UARTImage.elf  |tee "UARTImage.elf.size"
   text	   data	    bss	    dec	    hex	filename
 126792	   4100	92425664	92556556	5844d0c	UARTImage.elf
Finished building: UARTImage.elf.size
 
01:40:49 **** Incremental Build of configuration Debug for project UARTImage ****
make pre-build main-build 
a9-linaro-pre-build-step
 
make: rien à faire pour « main-build ».
01:49:54 **** Auto Build of configuration Debug for project UARTImage ****
make pre-build main-build 
a9-linaro-pre-build-step
 
Building file: ../main.c
Invoking: ARM v7 gcc compiler
arm-none-eabi-gcc -Wall -O0 -g3 -c -fmessage-length=0 -MT"main.o" -mcpu=cortex-a9 -mfpu=vfpv3 -mfloat-abi=hard -I../../freertos10_xilinx_bsp_base/ps7_cortexa9_0/include -MMD -MP -MF"main.d" -MT"main.o" -o "main.o" "../main.c"
../main.c: In function 'UartSend':
../main.c:644:25: warning: passing argument 2 of 'XUartPs_Send' from incompatible pointer type [-Wincompatible-pointer-types]
  XUartPs_Send(&Uart_Ps, &signature, 2);
                         ^~~~~~~~~~
In file included from ../main.c:52:
../../freertos10_xilinx_bsp_base/ps7_cortexa9_0/include/xuartps.h:462:43: note: expected 'u8 *' {aka 'unsigned char *'} but argument is of type 'uint16_t *' {aka 'short unsigned int *'}
 u32 XUartPs_Send(XUartPs *InstancePtr,u8 *BufferPtr,
                                       ~~~~^~~~~~~~~
../main.c:649:25: warning: pointer targets in passing argument 2 of 'XUartPs_Send' differ in signedness [-Wpointer-sign]
  XUartPs_Send(&Uart_Ps, str_width, len);
                         ^~~~~~~~~
In file included from ../main.c:52:
../../freertos10_xilinx_bsp_base/ps7_cortexa9_0/include/xuartps.h:462:5: note: expected 'u8 *' {aka 'unsigned char *'} but argument is of type 'char *'
 u32 XUartPs_Send(XUartPs *InstancePtr,u8 *BufferPtr,
     ^~~~~~~~~~~~
../main.c:652:25: warning: pointer targets in passing argument 2 of 'XUartPs_Send' differ in signedness [-Wpointer-sign]
  XUartPs_Send(&Uart_Ps, str_height, len);
                         ^~~~~~~~~~
In file included from ../main.c:52:
../../freertos10_xilinx_bsp_base/ps7_cortexa9_0/include/xuartps.h:462:5: note: expected 'u8 *' {aka 'unsigned char *'} but argument is of type 'char *'
 u32 XUartPs_Send(XUartPs *InstancePtr,u8 *BufferPtr,
     ^~~~~~~~~~~~
../main.c:659:25: warning: passing argument 2 of 'XUartPs_Send' from incompatible pointer type [-Wincompatible-pointer-types]
  XUartPs_Send(&Uart_Ps, &end, 5);
                         ^~~~
In file included from ../main.c:52:
../../freertos10_xilinx_bsp_base/ps7_cortexa9_0/include/xuartps.h:462:43: note: expected 'u8 *' {aka 'unsigned char *'} but argument is of type 'uint64_t *' {aka 'long long unsigned int *'}
 u32 XUartPs_Send(XUartPs *InstancePtr,u8 *BufferPtr,
                                       ~~~~^~~~~~~~~
At top level:
../main.c:231:16: warning: 'spi_buffer' defined but not used [-Wunused-variable]
 static uint8_t spi_buffer[SPI_BUFFER_SIZE];
                ^~~~~~~~~~
../main.c:219:35: warning: 'gpio4' defined but not used [-Wunused-variable]
 static XGpio gpio0, gpio1, gpio3, gpio4;
                                   ^~~~~
../main.c:219:28: warning: 'gpio3' defined but not used [-Wunused-variable]
 static XGpio gpio0, gpio1, gpio3, gpio4;
                            ^~~~~
../main.c:219:21: warning: 'gpio1' defined but not used [-Wunused-variable]
 static XGpio gpio0, gpio1, gpio3, gpio4;
                     ^~~~~
../main.c: In function 'HDPYX_SETUP_TPG':
../main.c:608:8: warning: 'status' may be used uninitialized in this function [-Wmaybe-uninitialized]
     if (status != XST_SUCCESS) {
        ^
Finished building: ../main.c
 
Building target: UARTImage.elf
Invoking: ARM v7 gcc linker
arm-none-eabi-gcc -mcpu=cortex-a9 -mfpu=vfpv3 -mfloat-abi=hard -Wl,-build-id=none -specs=Xilinx.spec -Wl,-T -Wl,../src/lscript.ld -L../../freertos10_xilinx_bsp_base/ps7_cortexa9_0/lib -o "UARTImage.elf"  ./atise_img.o ./atise_vdma.o ./hdpyx_spi.o ./main.o   -Wl,--start-group,-lxil,-lfreertos,-lgcc,-lc,--end-group -Wl,--start-group,-lxilffs,-lxil,-lgcc,-lc,--end-group
Finished building target: UARTImage.elf
 
Invoking: ARM v7 Print Size
arm-none-eabi-size UARTImage.elf  |tee "UARTImage.elf.size"
   text	   data	    bss	    dec	    hex	filename
 126792	   4100	92425664	92556556	5844d0c	UARTImage.elf
Finished building: UARTImage.elf.size
 
01:51:11 **** Incremental Build of configuration Debug for project UARTImage ****
make pre-build main-build 
a9-linaro-pre-build-step
 
make: rien à faire pour « main-build ».
01:57:28 **** Incremental Build of configuration Debug for project UARTImage ****
make pre-build main-build 
a9-linaro-pre-build-step
 
make: rien à faire pour « main-build ».
