#-----------------------------------------------------------
# Vivado v2019.1 (64-bit)
# SW Build 2552052 on Fri May 24 14:49:42 MDT 2019
# IP Build 2548770 on Fri May 24 18:01:18 MDT 2019
# Start of session at: Wed Oct 21 12:07:48 2020
# Process ID: 30700
# Current directory: C:/FMa/ATISE/Development/Clean_ENV/design-16b_1CLK_1SENSOR/design_mars/Vdo/MarsZX3_EB1.runs/MarsZX3_DCMI_VDMA_Bridge_0_2_synth_1
# Command line: vivado.exe -log MarsZX3_DCMI_VDMA_Bridge_0_2.vds -product Vivado -mode batch -messageDb vivado.pb -notrace -source MarsZX3_DCMI_VDMA_Bridge_0_2.tcl
# Log file: C:/FMa/ATISE/Development/Clean_ENV/design-16b_1CLK_1SENSOR/design_mars/Vdo/MarsZX3_EB1.runs/MarsZX3_DCMI_VDMA_Bridge_0_2_synth_1/MarsZX3_DCMI_VDMA_Bridge_0_2.vds
# Journal file: C:/FMa/ATISE/Development/Clean_ENV/design-16b_1CLK_1SENSOR/design_mars/Vdo/MarsZX3_EB1.runs/MarsZX3_DCMI_VDMA_Bridge_0_2_synth_1\vivado.jou
#-----------------------------------------------------------
source MarsZX3_DCMI_VDMA_Bridge_0_2.tcl -notrace
